Component: ARM Compiler 5.05 update 1 (build 106) Tool: armlink [4d0efa]

==============================================================================

Section Cross References

    main.o(.text) refers to touch.o(.text) for Is_In_Area
    main.o(.text) refers to stm32f4xx_tim.o(.text) for TIM_SetCounter
    main.o(.text) refers to lcd.o(.text) for LCD_Fill
    main.o(.text) refers to stm32f4xx_usart.o(.text) for USART_SendData
    main.o(.text) refers to dflt_clz.o(x$fpl$dflt) for __aeabi_i2d
    main.o(.text) refers to ddiv.o(x$fpl$ddiv) for __aeabi_ddiv
    main.o(.text) refers to dfixu.o(x$fpl$dfixu) for __aeabi_d2uiz
    main.o(.text) refers to noretval__2printf.o(.text) for __2printf
    main.o(.text) refers to main.o(.data) for x
    main.o(.text) refers to misc.o(.text) for NVIC_PriorityGroupConfig
    main.o(.text) refers to delay.o(.text) for delay_init
    main.o(.text) refers to usart.o(.text) for uart_init
    main.o(.text) refers to led.o(.text) for LED_Init
    main.o(.text) refers to key.o(.text) for KEY_Init
    main.o(.text) refers to encoder.o(.text) for Encoder_Init_TIM2
    main.o(.text) refers to touch.o(.data) for tp_dev
    main.o(.text) refers to lcd.o(.data) for POINT_COLOR
    system_stm32f4xx.o(.text) refers to system_stm32f4xx.o(.data) for SystemCoreClock
    led.o(.text) refers to stm32f4xx_rcc.o(.text) for RCC_AHB1PeriphClockCmd
    led.o(.text) refers to stm32f4xx_gpio.o(.text) for GPIO_Init
    lcd.o(.text) refers to _printf_percent.o(.ARM.Collect$$_printf_percent$$00000000) for _printf_percent
    lcd.o(.text) refers to _printf_x.o(.ARM.Collect$$_printf_percent$$0000000C) for _printf_x
    lcd.o(.text) refers to _printf_hex_int.o(.text) for _printf_longlong_hex
    lcd.o(.text) refers to delay.o(.text) for delay_us
    lcd.o(.text) refers to lcd.o(.bss) for lcddev
    lcd.o(.text) refers to lcd.o(.data) for POINT_COLOR
    lcd.o(.text) refers to dflt_clz.o(x$fpl$dfltu) for __aeabi_ui2d
    lcd.o(.text) refers to dmul.o(x$fpl$dmul) for __aeabi_dmul
    lcd.o(.text) refers to dfixu.o(x$fpl$dfixu) for __aeabi_d2uiz
    lcd.o(.text) refers to stm32f4xx_rcc.o(.text) for RCC_AHB1PeriphClockCmd
    lcd.o(.text) refers to stm32f4xx_gpio.o(.text) for GPIO_Init
    lcd.o(.text) refers to stm32f4xx_fsmc.o(.text) for FSMC_NORSRAMInit
    lcd.o(.text) refers to noretval__2printf.o(.text) for __2printf
    lcd.o(.text) refers to lcd.o(.constdata) for asc2_1206
    key.o(.text) refers to stm32f4xx_rcc.o(.text) for RCC_AHB1PeriphClockCmd
    key.o(.text) refers to stm32f4xx_gpio.o(.text) for GPIO_Init
    key.o(.text) refers to delay.o(.text) for delay_ms
    key.o(.text) refers to key.o(.data) for key_up
    myiic.o(.text) refers to stm32f4xx_rcc.o(.text) for RCC_AHB1PeriphClockCmd
    myiic.o(.text) refers to stm32f4xx_gpio.o(.text) for GPIO_Init
    myiic.o(.text) refers to delay.o(.text) for delay_us
    24cxx.o(.text) refers to myiic.o(.text) for IIC_Init
    24cxx.o(.text) refers to delay.o(.text) for delay_ms
    ctiic.o(.text) refers to delay.o(.text) for delay_us
    ctiic.o(.text) refers to stm32f4xx_rcc.o(.text) for RCC_AHB1PeriphClockCmd
    ctiic.o(.text) refers to stm32f4xx_gpio.o(.text) for GPIO_Init
    gt9147.o(.text) refers to _printf_percent.o(.ARM.Collect$$_printf_percent$$00000000) for _printf_percent
    gt9147.o(.text) refers to _printf_s.o(.ARM.Collect$$_printf_percent$$00000014) for _printf_s
    gt9147.o(.text) refers to _printf_str.o(.text) for _printf_str
    gt9147.o(.text) refers to _printf_d.o(.ARM.Collect$$_printf_percent$$00000009) for _printf_d
    gt9147.o(.text) refers to _printf_dec.o(.text) for _printf_int_dec
    gt9147.o(.text) refers to ctiic.o(.text) for CT_IIC_Start
    gt9147.o(.text) refers to stm32f4xx_rcc.o(.text) for RCC_AHB1PeriphClockCmd
    gt9147.o(.text) refers to stm32f4xx_gpio.o(.text) for GPIO_Init
    gt9147.o(.text) refers to delay.o(.text) for delay_ms
    gt9147.o(.text) refers to noretval__2printf.o(.text) for __2printf
    gt9147.o(.text) refers to strcmpv7m.o(.text) for strcmp
    gt9147.o(.text) refers to gt9147.o(.constdata) for GT9147_CFG_TBL
    gt9147.o(.text) refers to gt9147.o(.data) for t
    gt9147.o(.text) refers to touch.o(.data) for tp_dev
    gt9147.o(.text) refers to lcd.o(.bss) for lcddev
    ott2001a.o(.text) refers to _printf_percent.o(.ARM.Collect$$_printf_percent$$00000000) for _printf_percent
    ott2001a.o(.text) refers to _printf_x.o(.ARM.Collect$$_printf_percent$$0000000C) for _printf_x
    ott2001a.o(.text) refers to _printf_hex_int.o(.text) for _printf_longlong_hex
    ott2001a.o(.text) refers to ctiic.o(.text) for CT_IIC_Start
    ott2001a.o(.text) refers to stm32f4xx_rcc.o(.text) for RCC_AHB1PeriphClockCmd
    ott2001a.o(.text) refers to stm32f4xx_gpio.o(.text) for GPIO_Init
    ott2001a.o(.text) refers to delay.o(.text) for delay_ms
    ott2001a.o(.text) refers to noretval__2printf.o(.text) for __2printf
    ott2001a.o(.text) refers to dflt_clz.o(x$fpl$dflt) for __aeabi_i2d
[...]
    .ARM.Collect$$rtexit$$00000000           0x08000230   Section        2  rtexit.o(.ARM.Collect$$rtexit$$00000000)
    .ARM.Collect$$rtexit$$00000002           0x08000232   Section        0  rtexit2.o(.ARM.Collect$$rtexit$$00000002)
    .ARM.Collect$$rtexit$$00000003           0x08000232   Section        4  rtexit2.o(.ARM.Collect$$rtexit$$00000003)
    .ARM.Collect$$rtexit$$00000004           0x08000236   Section        6  rtexit2.o(.ARM.Collect$$rtexit$$00000004)
    .text                                    0x0800023c   Section        0  main.o(.text)
    .text                                    0x08000d30   Section        0  stm32f4xx_it.o(.text)
    .text                                    0x08000d4c   Section        0  system_stm32f4xx.o(.text)
    SetSysClock                              0x08000d4d   Thumb Code   220  system_stm32f4xx.o(.text)
    .text                                    0x08000f5c   Section        0  led.o(.text)
    .text                                    0x08000f9c   Section        0  lcd.o(.text)
    .text                                    0x08005c1c   Section        0  key.o(.text)
    .text                                    0x08005d20   Section        0  myiic.o(.text)
    .text                                    0x08005f7c   Section        0  24cxx.o(.text)
    .text                                    0x080060f8   Section        0  ctiic.o(.text)
    .text                                    0x0800634c   Section        0  gt9147.o(.text)
    .text                                    0x08006794   Section        0  ott2001a.o(.text)
    .text                                    0x08006b1c   Section        0  ft5206.o(.text)
    .text                                    0x08006e48   Section        0  touch.o(.text)
    .text                                    0x08007f54   Section        0  encoder.o(.text)
    .text                                    0x080081e8   Section        0  delay.o(.text)
    .text                                    0x080082ec   Section        0  usart.o(.text)
    .text                                    0x08008434   Section       64  startup_stm32f40_41xxx.o(.text)
    $v0                                      0x08008434   Number         0  startup_stm32f40_41xxx.o(.text)
    .text                                    0x08008474   Section        0  misc.o(.text)
    .text                                    0x08008554   Section        0  stm32f4xx_gpio.o(.text)
    .text                                    0x080087e8   Section        0  stm32f4xx_fsmc.o(.text)
    .text                                    0x08008db0   Section        0  stm32f4xx_rcc.o(.text)
    .text                                    0x0800940c   Section        0  stm32f4xx_usart.o(.text)
    .text                                    0x08009860   Section        0  stm32f4xx_tim.o(.text)
    TI4_Config                               0x08009fff   Thumb Code    80  stm32f4xx_tim.o(.text)
    TI3_Config                               0x0800a061   Thumb Code    72  stm32f4xx_tim.o(.text)
    TI2_Config                               0x0800a0c3   Thumb Code    90  stm32f4xx_tim.o(.text)
    TI1_Config                               0x0800a12f   Thumb Code    58  stm32f4xx_tim.o(.text)
    .text                                    0x0800a502   Section        2  use_no_semi_2.o(.text)
    .text                                    0x0800a504   Section        0  noretval__2printf.o(.text)
    .text                                    0x0800a51c   Section        0  __printf.o(.text)
    .text                                    0x0800a584   Section        0  _printf_str.o(.text)
    .text                                    0x0800a5d8   Section        0  _printf_dec.o(.text)
    .text                                    0x0800a650   Section        0  _printf_hex_int.o(.text)
    .text                                    0x0800a6a8   Section      128  strcmpv7m.o(.text)
    .text                                    0x0800a728   Section        0  heapauxi.o(.text)
    .text                                    0x0800a72e   Section        2  use_no_semi.o(.text)
    .text                                    0x0800a730   Section        0  _rserrno.o(.text)
    .text                                    0x0800a746   Section        0  _printf_intcommon.o(.text)
    .text                                    0x0800a7f8   Section        0  _printf_char.o(.text)
    .text                                    0x0800a824   Section        0  _printf_char_file.o(.text)
    .text                                    0x0800a848   Section        8  rt_errno_addr_intlibspace.o(.text)
    .text                                    0x0800a850   Section        0  _printf_char_common.o(.text)
    _printf_input_char                       0x0800a851   Thumb Code    10  _printf_char_common.o(.text)
    .text                                    0x0800a880   Section        0  ferror.o(.text)
    .text                                    0x0800a888   Section        8  libspace.o(.text)
    .text                                    0x0800a890   Section       74  sys_stackheap_outer.o(.text)
    .text                                    0x0800a8da   Section        0  exit.o(.text)
    i.__hardfp_sqrt                          0x0800a8e6   Section        0  sqrt.o(i.__hardfp_sqrt)
    x$fpl$dadd                               0x0800a960   Section      336  daddsub_clz.o(x$fpl$dadd)
    $v0                                      0x0800a960   Number         0  daddsub_clz.o(x$fpl$dadd)
    _dadd1                                   0x0800a971   Thumb Code     0  daddsub_clz.o(x$fpl$dadd)
    x$fpl$dcmpinf                            0x0800aab0   Section       24  dcmpi.o(x$fpl$dcmpinf)
    $v0                                      0x0800aab0   Number         0  dcmpi.o(x$fpl$dcmpinf)
    x$fpl$ddiv                               0x0800aac8   Section      688  ddiv.o(x$fpl$ddiv)
    $v0                                      0x0800aac8   Number         0  ddiv.o(x$fpl$ddiv)
    ddiv_entry                               0x0800aacf   Thumb Code     0  ddiv.o(x$fpl$ddiv)
    x$fpl$dfixu                              0x0800ad78   Section       90  dfixu.o(x$fpl$dfixu)
    $v0                                      0x0800ad78   Number         0  dfixu.o(x$fpl$dfixu)
    x$fpl$dflt                               0x0800add2   Section       46  dflt_clz.o(x$fpl$dflt)
    $v0                                      0x0800add2   Number         0  dflt_clz.o(x$fpl$dflt)
    x$fpl$dfltu                              0x0800ae00   Section       38  dflt_clz.o(x$fpl$dfltu)
    $v0                                      0x0800ae00   Number         0  dflt_clz.o(x$fpl$dfltu)
    x$fpl$dleqf                              0x0800ae28   Section      120  dleqf.o(x$fpl$dleqf)
    $v0                                      0x0800ae28   Number         0  dleqf.o(x$fpl$dleqf)
    x$fpl$dmul                               0x0800aea0   Section      340  dmul.o(x$fpl$dmul)
    $v0                                      0x0800aea0   Number         0  dmul.o(x$fpl$dmul)
    x$fpl$dnaninf                            0x0800aff4   Section      156  dnaninf.o(x$fpl$dnaninf)
    $v0                                      0x0800aff4   Number         0  dnaninf.o(x$fpl$dnaninf)
    x$fpl$dretinf                            0x0800b090   Section       12  dretinf.o(x$fpl$dretinf)
    $v0                                      0x0800b090   Number         0  dretinf.o(x$fpl$dretinf)
    x$fpl$drleqf                             0x0800b09c   Section      108  drleqf.o(x$fpl$drleqf)
    $v0                                      0x0800b09c   Number         0  drleqf.o(x$fpl$drleqf)
    x$fpl$drsb                               0x0800b108   Section       22  daddsub_clz.o(x$fpl$drsb)
    $v0                                      0x0800b108   Number         0  daddsub_clz.o(x$fpl$drsb)
    x$fpl$dsqrt                              0x0800b120   Section      408  dsqrt_umaal.o(x$fpl$dsqrt)
    $v0                                      0x0800b120   Number         0  dsqrt_umaal.o(x$fpl$dsqrt)
    x$fpl$dsub                               0x0800b2b8   Section      468  daddsub_clz.o(x$fpl$dsub)
    $v0                                      0x0800b2b8   Number         0  daddsub_clz.o(x$fpl$dsub)
    _dsub1                                   0x0800b2c9   Thumb Code     0  daddsub_clz.o(x$fpl$dsub)
    x$fpl$f2d                                0x0800b48c   Section       86  f2d.o(x$fpl$f2d)
    $v0                                      0x0800b48c   Number         0  f2d.o(x$fpl$f2d)
    x$fpl$fnaninf                            0x0800b4e2   Section      140  fnaninf.o(x$fpl$fnaninf)
    $v0                                      0x0800b4e2   Number         0  fnaninf.o(x$fpl$fnaninf)
    x$fpl$fpinit                             0x0800b56e   Section       10  fpinit.o(x$fpl$fpinit)
    $v0                                      0x0800b56e   Number         0  fpinit.o(x$fpl$fpinit)
    .constdata                               0x0800b578   Section     6080  lcd.o(.constdata)
    x$fpl$usenofp                            0x0800b578   Section        0  usenofp.o(x$fpl$usenofp)
    .constdata                               0x0800cd38   Section      194  gt9147.o(.constdata)
    .constdata                               0x0800cdfa   Section       10  ott2001a.o(.constdata)
    .constdata                               0x0800ce04   Section       10  ft5206.o(.constdata)
    .constdata                               0x0800ce10   Section        4  touch.o(.constdata)
    .constdata                               0x0800ce14   Section       28  stm32f4xx_fsmc.o(.constdata)
    .constdata                               0x0800ce30   Section       40  _printf_hex_int.o(.constdata)
    uc_hextab                                0x0800ce30   Data          20  _printf_hex_int.o(.constdata)
    lc_hextab                                0x0800ce44   Data          20  _printf_hex_int.o(.constdata)
    .conststring                             0x0800ce58   Section      121  touch.o(.conststring)
    .data                                    0x20000000   Section       40  main.o(.data)
    .data                                    0x20000028   Section       20  system_stm32f4xx.o(.data)
    .data                                    0x2000003c   Section        4  lcd.o(.data)
    .data                                    0x20000040   Section        1  key.o(.data)
    key_up                                   0x20000040   Data           1  key.o(.data)
    .data                                    0x20000041   Section        1  gt9147.o(.data)
    t                                        0x20000041   Data           1  gt9147.o(.data)
    .data                                    0x20000042   Section        1  ott2001a.o(.data)
    t                                        0x20000042   Data           1  ott2001a.o(.data)
    .data                                    0x20000043   Section        1  ft5206.o(.data)
    t                                        0x20000043   Data           1  ft5206.o(.data)
    .data                                    0x20000044   Section       54  touch.o(.data)
    .data                                    0x2000007a   Section        4  delay.o(.data)
    fac_us                                   0x2000007a   Data           1  delay.o(.data)
    fac_ms                                   0x2000007c   Data           2  delay.o(.data)
    .data                                    0x20000080   Section        6  usart.o(.data)
    .data                                    0x20000086   Section       16  stm32f4xx_rcc.o(.data)
    APBAHBPrescTable                         0x20000086   Data          16  stm32f4xx_rcc.o(.data)
    .bss                                     0x20000098   Section       14  lcd.o(.bss)
    .bss                                     0x200000a6   Section      200  usart.o(.bss)
    .bss                                     0x20000170   Section       96  libspace.o(.bss)
    HEAP                                     0x200001d0   Section      512  startup_stm32f40_41xxx.o(HEAP)
    Heap_Mem                                 0x200001d0   Data         512  startup_stm32f40_41xxx.o(HEAP)
    STACK                                    0x200003d0   Section     1024  startup_stm32f40_41xxx.o(STACK)
    Stack_Mem                                0x200003d0   Data        1024  startup_stm32f40_41xxx.o(STACK)
    __initial_sp                             0x200007d0   Data           0  startup_stm32f40_41xxx.o(STACK)

    Global Symbols

    Symbol Name                              Value     Ov Type        Size  Object(Section)

    BuildAttributes$$THM_ISAv4$E$P$D$K$B$S$7EM$VFPi3$EXTD16$VFPS$VFMA$PE$A:L22UL41UL21$X:L11$S22US41US21$IEEE1$IW$USESV6$~STKCKD$USESV7$~SHL$OTIME$ROPI$IEEEJ$EBA8$UX$STANDARDLIB$REQ8$PRES8$EABIv2 0x00000000   Number         0  anon$$obj.o ABSOLUTE
    __ARM_use_no_argv                        0x00000000   Number         0  main.o ABSOLUTE
    __ARM_exceptions_init                     - Undefined Weak Reference
    __alloca_initialize                       - Undefined Weak Reference
    __arm_preinit_                            - Undefined Weak Reference
    __cpp_initialize__aeabi_                  - Undefined Weak Reference
    __cxa_finalize                            - Undefined Weak Reference
    __rt_locale                               - Undefined Weak Reference
    __sigvec_lookup                           - Undefined Weak Reference
    _atexit_init                              - Undefined Weak Reference
    _call_atexit_fns                          - Undefined Weak Reference
    _clock_init                               - Undefined Weak Reference
    _fp_trap_init                             - Undefined Weak Reference
    _fp_trap_shutdown                         - Undefined Weak Reference
    _get_lc_collate                           - Undefined Weak Reference
    _get_lc_ctype                             - Undefined Weak Reference
    _get_lc_monetary                          - Undefined Weak Reference
    _get_lc_numeric                           - Undefined Weak Reference
    _get_lc_time                              - Undefined Weak Reference
    _getenv_init                              - Undefined Weak Reference
    _handle_redirection                       - Undefined Weak Reference
    _init_alloc                               - Undefined Weak Reference
    _init_user_alloc                          - Undefined Weak Reference
    _initio                                   - Undefined Weak Reference
    _mutex_acquire                            - Undefined Weak Reference
    _mutex_release                            - Undefined Weak Reference
    _printf_mbtowc                            - Undefined Weak Reference
    _printf_post_padding                      - Undefined Weak Reference
    _printf_pre_padding                       - Undefined Weak Reference
    _printf_truncate_signed                   - Undefined Weak Reference
    _printf_truncate_unsigned                 - Undefined Weak Reference
    _rand_init                                - Undefined Weak Reference
    _signal_finish                            - Undefined Weak Reference
    _signal_init                              - Undefined Weak Reference
    _terminate_alloc                          - Undefined Weak Reference
    _terminate_user_alloc                     - Undefined Weak Reference
    _terminateio                              - Undefined Weak Reference
    __Vectors_Size                           0x00000188   Number         0  startup_stm32f40_41xxx.o ABSOLUTE
    __Vectors                                0x08000000   Data           4  startup_stm32f40_41xxx.o(RESET)
    __Vectors_End                            0x08000188   Data           0  startup_stm32f40_41xxx.o(RESET)
    __main                                   0x08000189   Thumb Code     8  __main.o(!!!main)
    __scatterload                            0x08000191   Thumb Code     0  __scatter.o(!!!scatter)
    __scatterload_rt2                        0x08000191   Thumb Code    44  __scatter.o(!!!scatter)
    __scatterload_rt2_thumb_only             0x08000191   Thumb Code     0  __scatter.o(!!!scatter)
    __scatterload_null                       0x0800019f   Thumb Code     0  __scatter.o(!!!scatter)
    __scatterload_copy                       0x080001c5   Thumb Code    26  __scatter_copy.o(!!handler_copy)
    __scatterload_zeroinit                   0x080001e1   Thumb Code    28  __scatter_zi.o(!!handler_zi)
    _printf_d                                0x080001fd   Thumb Code     0  _printf_d.o(.ARM.Collect$$_printf_percent$$00000009)
    _printf_percent                          0x080001fd   Thumb Code     0  _printf_percent.o(.ARM.Collect$$_printf_percent$$00000000)
    _printf_x                                0x08000203   Thumb Code     0  _printf_x.o(.ARM.Collect$$_printf_percent$$0000000C)
    _printf_s                                0x08000209   Thumb Code     0  _printf_s.o(.ARM.Collect$$_printf_percent$$00000014)
    _printf_percent_end                      0x0800020f   Thumb Code     0  _printf_percent_end.o(.ARM.Collect$$_printf_percent$$00000017)
    __rt_lib_init                            0x08000213   Thumb Code     0  libinit.o(.ARM.Collect$$libinit$$00000000)
    __rt_lib_init_fp_1                       0x08000215   Thumb Code     0  libinit2.o(.ARM.Collect$$libinit$$00000001)
    __rt_lib_init_alloca_1                   0x08000219   Thumb Code     0  libinit2.o(.ARM.Collect$$libinit$$0000002E)
    __rt_lib_init_argv_1                     0x08000219   Thumb Code     0  libinit2.o(.ARM.Collect$$libinit$$0000002C)
    __rt_lib_init_atexit_1                   0x08000219   Thumb Code     0  libinit2.o(.ARM.Collect$$libinit$$0000001B)
    __rt_lib_init_clock_1                    0x08000219   Thumb Code     0  libinit2.o(.ARM.Collect$$libinit$$00000021)
    __rt_lib_init_cpp_1                      0x08000219   Thumb Code     0  libinit2.o(.ARM.Collect$$libinit$$00000032)
    __rt_lib_init_exceptions_1               0x08000219   Thumb Code     0  libinit2.o(.ARM.Collect$$libinit$$00000030)
    __rt_lib_init_fp_trap_1                  0x08000219   Thumb Code     0  libinit2.o(.ARM.Collect$$libinit$$0000001F)
    __rt_lib_init_getenv_1                   0x08000219   Thumb Code     0  libinit2.o(.ARM.Collect$$libinit$$00000023)
    __rt_lib_init_heap_1                     0x08000219   Thumb Code     0  libinit2.o(.ARM.Collect$$libinit$$0000000A)
    __rt_lib_init_lc_collate_1               0x08000219   Thumb Code     0  libinit2.o(.ARM.Collect$$libinit$$00000011)
    __rt_lib_init_lc_ctype_1                 0x08000219   Thumb Code     0  libinit2.o(.ARM.Collect$$libinit$$00000013)
    __rt_lib_init_lc_monetary_1              0x08000219   Thumb Code     0  libinit2.o(.ARM.Collect$$libinit$$00000015)
    __rt_lib_init_lc_numeric_1               0x08000219   Thumb Code     0  libinit2.o(.ARM.Collect$$libinit$$00000017)
    __rt_lib_init_lc_time_1                  0x08000219   Thumb Code     0  libinit2.o(.ARM.Collect$$libinit$$00000019)
    __rt_lib_init_preinit_1                  0x08000219   Thumb Code     0  libinit2.o(.ARM.Collect$$libinit$$00000004)
    __rt_lib_init_rand_1                     0x08000219   Thumb Code     0  libinit2.o(.ARM.Collect$$libinit$$0000000E)
    __rt_lib_init_return                     0x08000219   Thumb Code     0  libinit2.o(.ARM.Collect$$libinit$$00000033)
    __rt_lib_init_signal_1                   0x08000219   Thumb Code     0  libinit2.o(.ARM.Collect$$libinit$$0000001D)
    __rt_lib_init_stdio_1                    0x08000219   Thumb Code     0  libinit2.o(.ARM.Collect$$libinit$$00000025)
    __rt_lib_init_user_alloc_1               0x08000219   Thumb Code     0  libinit2.o(.ARM.Collect$$libinit$$0000000C)
    __rt_lib_shutdown                        0x0800021b   Thumb Code     0  libshutdown.o(.ARM.Collect$$libshutdown$$00000000)
    __rt_lib_shutdown_fp_trap_1              0x0800021d   Thumb Code     0  libshutdown2.o(.ARM.Collect$$libshutdown$$00000006)
    __rt_lib_shutdown_heap_1                 0x0800021d   Thumb Code     0  libshutdown2.o(.ARM.Collect$$libshutdown$$0000000E)
    __rt_lib_shutdown_return                 0x0800021d   Thumb Code     0  libshutdown2.o(.ARM.Collect$$libshutdown$$0000000F)
    __rt_lib_shutdown_signal_1               0x0800021d   Thumb Code     0  libshutdown2.o(.ARM.Collect$$libshutdown$$00000009)
    __rt_lib_shutdown_stdio_1                0x0800021d   Thumb Code     0  libshutdown2.o(.ARM.Collect$$libshutdown$$00000003)
    __rt_lib_shutdown_user_alloc_1           0x0800021d   Thumb Code     0  libshutdown2.o(.ARM.Collect$$libshutdown$$0000000B)
    __rt_entry                               0x0800021f   Thumb Code     0  __rtentry.o(.ARM.Collect$$rtentry$$00000000)
    __rt_entry_presh_1                       0x0800021f   Thumb Code     0  __rtentry2.o(.ARM.Collect$$rtentry$$00000002)
    __rt_entry_sh                            0x0800021f   Thumb Code     0  __rtentry4.o(.ARM.Collect$$rtentry$$00000004)
    __rt_entry_li                            0x08000225   Thumb Code     0  __rtentry2.o(.ARM.Collect$$rtentry$$0000000A)
    __rt_entry_postsh_1                      0x08000225   Thumb Code     0  __rtentry2.o(.ARM.Collect$$rtentry$$00000009)
    __rt_entry_main                          0x08000229   Thumb Code     0  __rtentry2.o(.ARM.Collect$$rtentry$$0000000D)
    __rt_entry_postli_1                      0x08000229   Thumb Code     0  __rtentry2.o(.ARM.Collect$$rtentry$$0000000C)
    __rt_exit                                0x08000231   Thumb Code     0  rtexit.o(.ARM.Collect$$rtexit$$00000000)
    __rt_exit_ls                             0x08000233   Thumb Code     0  rtexit2.o(.ARM.Collect$$rtexit$$00000003)
    __rt_exit_prels_1                        0x08000233   Thumb Code     0  rtexit2.o(.ARM.Collect$$rtexit$$00000002)
    __rt_exit_exit                           0x08000237   Thumb Code     0  rtexit2.o(.ARM.Collect$$rtexit$$00000004)
    loaddata                                 0x0800023d   Thumb Code    22  main.o(.text)
    button_select                            0x08000253   Thumb Code  1370  main.o(.text)
    main                                     0x080007ad   Thumb Code  1376  main.o(.text)
    NMI_Handler                              0x08000d31   Thumb Code     2  stm32f4xx_it.o(.text)
    HardFault_Handler                        0x08000d33   Thumb Code     4  stm32f4xx_it.o(.text)
    MemManage_Handler                        0x08000d37   Thumb Code     4  stm32f4xx_it.o(.text)
    BusFault_Handler                         0x08000d3b   Thumb Code     4  stm32f4xx_it.o(.text)
    UsageFault_Handler                       0x08000d3f   Thumb Code     4  stm32f4xx_it.o(.text)
    SVC_Handler                              0x08000d43   Thumb Code     2  stm32f4xx_it.o(.text)
    DebugMon_Handler                         0x08000d45   Thumb Code     2  stm32f4xx_it.o(.text)
    PendSV_Handler                           0x08000d47   Thumb Code     2  stm32f4xx_it.o(.text)
    SysTick_Handler                          0x08000d49   Thumb Code     2  stm32f4xx_it.o(.text)
    SystemInit                               0x08000e29   Thumb Code    88  system_stm32f4xx.o(.text)
    SystemCoreClockUpdate                    0x08000e81   Thumb Code   174  system_stm32f4xx.o(.text)
    LED_Init                                 0x08000f5d   Thumb Code    60  led.o(.text)
    LCD_WR_REG                               0x08000f9d   Thumb Code    18  lcd.o(.text)
    LCD_WR_DATA                              0x08000faf   Thumb Code    20  lcd.o(.text)
    LCD_RD_DATA                              0x08000fc3   Thumb Code    16  lcd.o(.text)
    LCD_WriteReg                             0x08000fd3   Thumb Code    14  lcd.o(.text)
    LCD_ReadReg                              0x08000fe1   Thumb Code    22  lcd.o(.text)
    LCD_WriteRAM_Prepare                     0x08000ff7   Thumb Code    10  lcd.o(.text)
    LCD_WriteRAM                             0x08001001   Thumb Code     8  lcd.o(.text)
    LCD_BGR2RGB                              0x08001009   Thumb Code    26  lcd.o(.text)
    opt_delay                                0x08001023   Thumb Code    14  lcd.o(.text)
    LCD_SetCursor                            0x08001031   Thumb Code   418  lcd.o(.text)
    LCD_ReadPoint                            0x080011d3   Thumb Code   360  lcd.o(.text)
    LCD_DisplayOn                            0x0800133b   Thumb Code   102  lcd.o(.text)
    LCD_DisplayOff                           0x080013a1   Thumb Code    90  lcd.o(.text)
    LCD_Scan_Dir                             0x080013fb   Thumb Code   744  lcd.o(.text)
    LCD_DrawPoint                            0x080016e3   Thumb Code    28  lcd.o(.text)
    LCD_Fast_DrawPoint                       0x080016ff   Thumb Code   388  lcd.o(.text)
    LCD_SSD_BackLightSet                     0x08001883   Thumb Code    88  lcd.o(.text)
    LCD_Display_Dir                          0x080018db   Thumb Code   444  lcd.o(.text)
    LCD_Set_Window                           0x08001a97   Thumb Code   546  lcd.o(.text)
    LCD_Clear                                0x08001cb9   Thumb Code   100  lcd.o(.text)
    LCD_Init                                 0x08001d1d   Thumb Code 14696  lcd.o(.text)
    LCD_Fill                                 0x08005685   Thumb Code   180  lcd.o(.text)
    LCD_Color_Fill                           0x08005739   Thumb Code   100  lcd.o(.text)
    LCD_DrawLine                             0x0800579d   Thumb Code   176  lcd.o(.text)
    LCD_DrawRectangle                        0x0800584d   Thumb Code    60  lcd.o(.text)
    LCD_Draw_Circle                          0x08005889   Thumb Code   152  lcd.o(.text)
    LCD_ShowChar                             0x08005921   Thumb Code   272  lcd.o(.text)
    LCD_Pow                                  0x08005a31   Thumb Code    22  lcd.o(.text)
    LCD_ShowNum                              0x08005a47   Thumb Code   148  lcd.o(.text)
    LCD_ShowxNum                             0x08005adb   Thumb Code   220  lcd.o(.text)
    LCD_ShowString                           0x08005bb7   Thumb Code   102  lcd.o(.text)
    KEY_Init                                 0x08005c1d   Thumb Code    60  key.o(.text)
    KEY_Scan                                 0x08005c59   Thumb Code   188  key.o(.text)
    IIC_Init                                 0x08005d21   Thumb Code    62  myiic.o(.text)
    IIC_Start                                0x08005d5f   Thumb Code    68  myiic.o(.text)
    IIC_Stop                                 0x08005da3   Thumb Code    62  myiic.o(.text)
    IIC_Wait_Ack                             0x08005de1   Thumb Code    82  myiic.o(.text)
    IIC_Ack                                  0x08005e33   Thumb Code    66  myiic.o(.text)
    IIC_NAck                                 0x08005e75   Thumb Code    66  myiic.o(.text)
    IIC_Send_Byte                            0x08005eb7   Thumb Code    90  myiic.o(.text)
    IIC_Read_Byte                            0x08005f11   Thumb Code    94  myiic.o(.text)
    AT24CXX_Init                             0x08005f7d   Thumb Code     8  24cxx.o(.text)
    AT24CXX_ReadOneByte                      0x08005f85   Thumb Code    88  24cxx.o(.text)
    AT24CXX_WriteOneByte                     0x08005fdd   Thumb Code    80  24cxx.o(.text)
    AT24CXX_WriteLenByte                     0x0800602d   Thumb Code    42  24cxx.o(.text)
    AT24CXX_ReadLenByte                      0x08006057   Thumb Code    44  24cxx.o(.text)
    AT24CXX_Check                            0x08006083   Thumb Code    46  24cxx.o(.text)
    AT24CXX_Read                             0x080060b1   Thumb Code    34  24cxx.o(.text)
    AT24CXX_Write                            0x080060d3   Thumb Code    36  24cxx.o(.text)
    CT_Delay                                 0x080060f9   Thumb Code    10  ctiic.o(.text)
    CT_IIC_Init                              0x08006103   Thumb Code    60  ctiic.o(.text)
    CT_IIC_Start                             0x0800613f   Thumb Code    62  ctiic.o(.text)
    CT_IIC_Stop                              0x0800617d   Thumb Code    56  ctiic.o(.text)
    CT_IIC_Wait_Ack                          0x080061b5   Thumb Code    78  ctiic.o(.text)
    CT_IIC_Ack                               0x08006203   Thumb Code    66  ctiic.o(.text)
    CT_IIC_NAck                              0x08006245   Thumb Code    66  ctiic.o(.text)
    CT_IIC_Send_Byte                         0x08006287   Thumb Code    82  ctiic.o(.text)
    CT_IIC_Read_Byte                         0x080062d9   Thumb Code    92  ctiic.o(.text)
    GT9147_WR_Reg                            0x0800634d   Thumb Code    92  gt9147.o(.text)
    GT9147_Send_Cfg                          0x080063a9   Thumb Code    86  gt9147.o(.text)
    GT9147_RD_Reg                            0x080063ff   Thumb Code    98  gt9147.o(.text)
    GT9147_Init                              0x08006461   Thumb Code   248  gt9147.o(.text)
    GT9147_Scan                              0x08006559   Thumb Code   494  gt9147.o(.text)
    OTT2001A_WR_Reg                          0x08006795   Thumb Code    92  ott2001a.o(.text)
    OTT2001A_RD_Reg                          0x080067f1   Thumb Code    98  ott2001a.o(.text)
    OTT2001A_SensorControl                   0x08006853   Thumb Code    28  ott2001a.o(.text)
    OTT2001A_Init                            0x0800686f   Thumb Code   142  ott2001a.o(.text)
    OTT2001A_Scan                            0x080068fd   Thumb Code   478  ott2001a.o(.text)
    FT5206_WR_Reg                            0x08006b1d   Thumb Code    82  ft5206.o(.text)
    FT5206_RD_Reg                            0x08006b6f   Thumb Code    88  ft5206.o(.text)
    FT5206_Init                              0x08006bc7   Thumb Code   202  ft5206.o(.text)
    FT5206_Scan                              0x08006c91   Thumb Code   400  ft5206.o(.text)
    TP_Write_Byte                            0x08006e49   Thumb Code    64  touch.o(.text)
    TP_Read_AD                               0x08006e89   Thumb Code   132  touch.o(.text)
    TP_Read_XOY                              0x08006f0d   Thumb Code   120  touch.o(.text)
    TP_Read_XY                               0x08006f85   Thumb Code    38  touch.o(.text)
    TP_Read_XY2                              0x08006fab   Thumb Code   192  touch.o(.text)
    TP_Drow_Touch_Point                      0x0800706b   Thumb Code   108  touch.o(.text)
    TP_Draw_Big_Point                        0x080070d7   Thumb Code    54  touch.o(.text)
    TP_Scan                                  0x0800710d   Thumb Code   244  touch.o(.text)
    TP_Save_Adjdata                          0x08007201   Thumb Code   166  touch.o(.text)
    TP_Get_Adjdata                           0x080072a7   Thumb Code   160  touch.o(.text)
    TP_Adj_Info_Show                         0x08007347   Thumb Code   374  touch.o(.text)
    TP_Adjust                                0x080074bd   Thumb Code  2290  touch.o(.text)
    TP_Init                                  0x08007daf   Thumb Code   290  touch.o(.text)
    Is_In_Area                               0x08007ed1   Thumb Code    44  touch.o(.text)
    Encoder_Init_TIM2                        0x08007f55   Thumb Code   198  encoder.o(.text)
    Encoder_Init_TIM3                        0x0800801b   Thumb Code   212  encoder.o(.text)
    TIM4_Int_Init                            0x080080ef   Thumb Code    88  encoder.o(.text)
    TIM4_IRQHandler                          0x08008147   Thumb Code    88  encoder.o(.text)
    TIM3_IRQHandler                          0x0800819f   Thumb Code    20  encoder.o(.text)
    TIM2_IRQHandler                          0x080081b3   Thumb Code    20  encoder.o(.text)
    delay_init                               0x080081e9   Thumb Code    52  delay.o(.text)
    delay_us                                 0x0800821d   Thumb Code    72  delay.o(.text)
    delay_xms                                0x08008265   Thumb Code    72  delay.o(.text)
    delay_ms                                 0x080082ad   Thumb Code    56  delay.o(.text)
    _sys_exit                                0x080082ed   Thumb Code     4  usart.o(.text)
    fputc                                    0x080082f1   Thumb Code    22  usart.o(.text)
    uart_init                                0x08008307   Thumb Code   164  usart.o(.text)
    USART1_IRQHandler                        0x080083ab   Thumb Code   122  usart.o(.text)
    Reset_Handler                            0x08008435   Thumb Code     8  startup_stm32f40_41xxx.o(.text)
    ADC_IRQHandler                           0x0800844f   Thumb Code     0  startup_stm32f40_41xxx.o(.text)
    CAN1_RX0_IRQHandler                      0x0800844f   Thumb Code     0  startup_stm32f40_41xxx.o(.text)
    CAN1_RX1_IRQHandler                      0x0800844f   Thumb Code     0  startup_stm32f40_41xxx.o(.text)
    CAN1_SCE_IRQHandler                      0x0800844f   Thumb Code     0  startup_stm32f40_41xxx.o(.text)
    CAN1_TX_IRQHandler                       0x0800844f   Thumb Code     0  startup_stm32f40_41xxx.o(.text)
    CAN2_RX0_IRQHandler                      0x0800844f   Thumb Code     0  startup_stm32f40_41xxx.o(.text)
    CAN2_RX1_IRQHandler                      0x0800844f   Thumb Code     0  startup_stm32f40_41xxx.o(.text)
    CAN2_SCE_IRQHandler                      0x0800844f   Thumb Code     0  startup_stm32f40_41xxx.o(.text)
    CAN2_TX_IRQHandler                       0x0800844f   Thumb Code     0  startup_stm32f40_41xxx.o(.text)
    CRYP_IRQHandler                          0x0800844f   Thumb Code     0  startup_stm32f40_41xxx.o(.text)
    DCMI_IRQHandler                          0x0800844f   Thumb Code     0  startup_stm32f40_41xxx.o(.text)
    DMA1_Stream0_IRQHandler                  0x0800844f   Thumb Code     0  startup_stm32f40_41xxx.o(.text)
    DMA1_Stream1_IRQHandler                  0x0800844f   Thumb Code     0  startup_stm32f40_41xxx.o(.text)
    DMA1_Stream2_IRQHandler                  0x0800844f   Thumb Code     0  startup_stm32f40_41xxx.o(.text)
    DMA1_Stream3_IRQHandler                  0x0800844f   Thumb Code     0  startup_stm32f40_41xxx.o(.text)
    DMA1_Stream4_IRQHandler                  0x0800844f   Thumb Code     0  startup_stm32f40_41xxx.o(.text)
    DMA1_Stream5_IRQHandler                  0x0800844f   Thumb Code     0  startup_stm32f40_41xxx.o(.text)
    DMA1_Stream6_IRQHandler                  0x0800844f   Thumb Code     0  startup_stm32f40_41xxx.o(.text)
    DMA1_Stream7_IRQHandler                  0x0800844f   Thumb Code     0  startup_stm32f40_41xxx.o(.text)
    DMA2_Stream0_IRQHandler                  0x0800844f   Thumb Code     0  startup_stm32f40_41xxx.o(.text)
    DMA2_Stream1_IRQHandler                  0x0800844f   Thumb Code     0  startup_stm32f40_41xxx.o(.text)
    DMA2_Stream2_IRQHandler                  0x0800844f   Thumb Code     0  startup_stm32f40_41xxx.o(.text)
    DMA2_Stream3_IRQHandler                  0x0800844f   Thumb Code     0  startup_stm32f40_41xxx.o(.text)
    DMA2_Stream4_IRQHandler                  0x0800844f   Thumb Code     0  startup_stm32f40_41xxx.o(.text)
    DMA2_Stream5_IRQHandler                  0x0800844f   Thumb Code     0  startup_stm32f40_41xxx.o(.text)
    DMA2_Stream6_IRQHandler                  0x0800844f   Thumb Code     0  startup_stm32f40_41xxx.o(.text)
    DMA2_Stream7_IRQHandler                  0x0800844f   Thumb Code     0  startup_stm32f40_41xxx.o(.text)
    ETH_IRQHandler                           0x0800844f   Thumb Code     0  startup_stm32f40_41xxx.o(.text)
    ETH_WKUP_IRQHandler                      0x0800844f   Thumb Code     0  startup_stm32f40_41xxx.o(.text)
    EXTI0_IRQHandler                         0x0800844f   Thumb Code     0  startup_stm32f40_41xxx.o(.text)
    EXTI15_10_IRQHandler                     0x0800844f   Thumb Code     0  startup_stm32f40_41xxx.o(.text)
    EXTI1_IRQHandler                         0x0800844f   Thumb Code     0  startup_stm32f40_41xxx.o(.text)
    EXTI2_IRQHandler                         0x0800844f   Thumb Code     0  startup_stm32f40_41xxx.o(.text)
    EXTI3_IRQHandler                         0x0800844f   Thumb Code     0  startup_stm32f40_41xxx.o(.text)
    EXTI4_IRQHandler                         0x0800844f   Thumb Code     0  startup_stm32f40_41xxx.o(.text)
    EXTI9_5_IRQHandler                       0x0800844f   Thumb Code     0  startup_stm32f40_41xxx.o(.text)
    FLASH_IRQHandler                         0x0800844f   Thumb Code     0  startup_stm32f40_41xxx.o(.text)
    FPU_IRQHandler                           0x0800844f   Thumb Code     0  startup_stm32f40_41xxx.o(.text)
    FSMC_IRQHandler                          0x0800844f   Thumb Code     0  startup_stm32f40_41xxx.o(.text)
    HASH_RNG_IRQHandler                      0x0800844f   Thumb Code     0  startup_stm32f40_41xxx.o(.text)
    I2C1_ER_IRQHandler                       0x0800844f   Thumb Code     0  startup_stm32f40_41xxx.o(.text)
    I2C1_EV_IRQHandler                       0x0800844f   Thumb Code     0  startup_stm32f40_41xxx.o(.text)
    I2C2_ER_IRQHandler                       0x0800844f   Thumb Code     0  startup_stm32f40_41xxx.o(.text)
    I2C2_EV_IRQHandler                       0x0800844f   Thumb Code     0  startup_stm32f40_41xxx.o(.text)
    I2C3_ER_IRQHandler                       0x0800844f   Thumb Code     0  startup_stm32f40_41xxx.o(.text)
    I2C3_EV_IRQHandler                       0x0800844f   Thumb Code     0  startup_stm32f40_41xxx.o(.text)
    OTG_FS_IRQHandler                        0x0800844f   Thumb Code     0  startup_stm32f40_41xxx.o(.text)
    OTG_FS_WKUP_IRQHandler                   0x0800844f   Thumb Code     0  startup_stm32f40_41xxx.o(.text)
    OTG_HS_EP1_IN_IRQHandler                 0x0800844f   Thumb Code     0  startup_stm32f40_41xxx.o(.text)
    OTG_HS_EP1_OUT_IRQHandler                0x0800844f   Thumb Code     0  startup_stm32f40_41xxx.o(.text)
    OTG_HS_IRQHandler                        0x0800844f   Thumb Code     0  startup_stm32f40_41xxx.o(.text)
    OTG_HS_WKUP_IRQHandler                   0x0800844f   Thumb Code     0  startup_stm32f40_41xxx.o(.text)
    PVD_IRQHandler                           0x0800844f   Thumb Code     0  startup_stm32f40_41xxx.o(.text)
    RCC_IRQHandler                           0x0800844f   Thumb Code     0  startup_stm32f40_41xxx.o(.text)
    RTC_Alarm_IRQHandler                     0x0800844f   Thumb Code     0  startup_stm32f40_41xxx.o(.text)
    RTC_WKUP_IRQHandler                      0x0800844f   Thumb Code     0  startup_stm32f40_41xxx.o(.text)
    SDIO_IRQHandler                          0x0800844f   Thumb Code     0  startup_stm32f40_41xxx.o(.text)
    SPI1_IRQHandler                          0x0800844f   Thumb Code     0  startup_stm32f40_41xxx.o(.text)
    SPI2_IRQHandler                          0x0800844f   Thumb Code     0  startup_stm32f40_41xxx.o(.text)
    SPI3_IRQHandler                          0x0800844f   Thumb Code     0  startup_stm32f40_41xxx.o(.text)
    TAMP_STAMP_IRQHandler                    0x0800844f   Thumb Code     0  startup_stm32f40_41xxx.o(.text)
    TIM1_BRK_TIM9_IRQHandler                 0x0800844f   Thumb Code     0  startup_stm32f40_41xxx.o(.text)
    TIM1_CC_IRQHandler                       0x0800844f   Thumb Code     0  startup_stm32f40_41xxx.o(.text)
    TIM1_TRG_COM_TIM11_IRQHandler            0x0800844f   Thumb Code     0  startup_stm32f40_41xxx.o(.text)
    TIM1_UP_TIM10_IRQHandler                 0x0800844f   Thumb Code     0  startup_stm32f40_41xxx.o(.text)
    TIM5_IRQHandler                          0x0800844f   Thumb Code     0  startup_stm32f40_41xxx.o(.text)
    TIM6_DAC_IRQHandler                      0x0800844f   Thumb Code     0  startup_stm32f40_41xxx.o(.text)
    TIM7_IRQHandler                          0x0800844f   Thumb Code     0  startup_stm32f40_41xxx.o(.text)
    TIM8_BRK_TIM12_IRQHandler                0x0800844f   Thumb Code     0  startup_stm32f40_41xxx.o(.text)
    TIM8_CC_IRQHandler                       0x0800844f   Thumb Code     0  startup_stm32f40_41xxx.o(.text)
    TIM8_TRG_COM_TIM14_IRQHandler            0x0800844f   Thumb Code     0  startup_stm32f40_41xxx.o(.text)
    TIM8_UP_TIM13_IRQHandler                 0x0800844f   Thumb Code     0  startup_stm32f40_41xxx.o(.text)
    UART4_IRQHandler                         0x0800844f   Thumb Code     0  startup_stm32f40_41xxx.o(.text)
    UART5_IRQHandler                         0x0800844f   Thumb Code     0  startup_stm32f40_41xxx.o(.text)
    USART2_IRQHandler                        0x0800844f   Thumb Code     0  startup_stm32f40_41xxx.o(.text)
    USART3_IRQHandler                        0x0800844f   Thumb Code     0  startup_stm32f40_41xxx.o(.text)
    USART6_IRQHandler                        0x0800844f   Thumb Code     0  startup_stm32f40_41xxx.o(.text)
    WWDG_IRQHandler                          0x0800844f   Thumb Code     0  startup_stm32f40_41xxx.o(.text)
    __user_initial_stackheap                 0x08008451   Thumb Code     0  startup_stm32f40_41xxx.o(.text)
    NVIC_PriorityGroupConfig                 0x08008475   Thumb Code    10  misc.o(.text)
    NVIC_Init                                0x0800847f   Thumb Code   106  misc.o(.text)
    NVIC_SetVectorTable                      0x080084e9   Thumb Code    14  misc.o(.text)
    NVIC_SystemLPConfig                      0x080084f7   Thumb Code    34  misc.o(.text)
    SysTick_CLKSourceConfig                  0x08008519   Thumb Code    40  misc.o(.text)
    GPIO_DeInit                              0x08008555   Thumb Code   268  stm32f4xx_gpio.o(.text)
    GPIO_Init                                0x08008661   Thumb Code   144  stm32f4xx_gpio.o(.text)
    GPIO_StructInit                          0x080086f1   Thumb Code    18  stm32f4xx_gpio.o(.text)
    GPIO_PinLockConfig                       0x08008703   Thumb Code    34  stm32f4xx_gpio.o(.text)
    GPIO_ReadInputDataBit                    0x08008725   Thumb Code    18  stm32f4xx_gpio.o(.text)
    GPIO_ReadInputData                       0x08008737   Thumb Code     8  stm32f4xx_gpio.o(.text)
    GPIO_ReadOutputDataBit                   0x0800873f   Thumb Code    18  stm32f4xx_gpio.o(.text)
    GPIO_ReadOutputData                      0x08008751   Thumb Code     8  stm32f4xx_gpio.o(.text)
    GPIO_SetBits                             0x08008759   Thumb Code     4  stm32f4xx_gpio.o(.text)
    GPIO_ResetBits                           0x0800875d   Thumb Code     4  stm32f4xx_gpio.o(.text)
    GPIO_WriteBit                            0x08008761   Thumb Code    10  stm32f4xx_gpio.o(.text)
    GPIO_Write                               0x0800876b   Thumb Code     4  stm32f4xx_gpio.o(.text)
    GPIO_ToggleBits                          0x0800876f   Thumb Code     8  stm32f4xx_gpio.o(.text)
    GPIO_PinAFConfig                         0x08008777   Thumb Code    70  stm32f4xx_gpio.o(.text)
    FSMC_NORSRAMDeInit                       0x080087e9   Thumb Code    54  stm32f4xx_fsmc.o(.text)
    FSMC_NORSRAMInit                         0x0800881f   Thumb Code   230  stm32f4xx_fsmc.o(.text)
    FSMC_NORSRAMStructInit                   0x08008905   Thumb Code    48  stm32f4xx_fsmc.o(.text)
    FSMC_NORSRAMCmd                          0x08008935   Thumb Code    46  stm32f4xx_fsmc.o(.text)
    FSMC_NANDDeInit                          0x08008963   Thumb Code    62  stm32f4xx_fsmc.o(.text)
    FSMC_NANDInit                            0x080089a1   Thumb Code   132  stm32f4xx_fsmc.o(.text)
    FSMC_NANDStructInit                      0x08008a25   Thumb Code    54  stm32f4xx_fsmc.o(.text)
    FSMC_NANDCmd                             0x08008a5b   Thumb Code    86  stm32f4xx_fsmc.o(.text)
    FSMC_NANDECCCmd                          0x08008ab1   Thumb Code    86  stm32f4xx_fsmc.o(.text)
    FSMC_GetECC                              0x08008b07   Thumb Code    24  stm32f4xx_fsmc.o(.text)
    FSMC_PCCARDDeInit                        0x08008b1f   Thumb Code    36  stm32f4xx_fsmc.o(.text)
    FSMC_PCCARDInit                          0x08008b43   Thumb Code   130  stm32f4xx_fsmc.o(.text)
    FSMC_PCCARDStructInit                    0x08008bc5   Thumb Code    60  stm32f4xx_fsmc.o(.text)
    FSMC_PCCARDCmd                           0x08008c01   Thumb Code    44  stm32f4xx_fsmc.o(.text)
    FSMC_ITConfig                            0x08008c2d   Thumb Code   128  stm32f4xx_fsmc.o(.text)
    FSMC_GetFlagStatus                       0x08008cad   Thumb Code    54  stm32f4xx_fsmc.o(.text)
    FSMC_ClearFlag                           0x08008ce3   Thumb Code    74  stm32f4xx_fsmc.o(.text)
    FSMC_GetITStatus                         0x08008d2d   Thumb Code    62  stm32f4xx_fsmc.o(.text)
    FSMC_ClearITPendingBit                   0x08008d6b   Thumb Code    66  stm32f4xx_fsmc.o(.text)
    RCC_DeInit                               0x08008db1   Thumb Code    82  stm32f4xx_rcc.o(.text)
    RCC_HSEConfig                            0x08008e03   Thumb Code    14  stm32f4xx_rcc.o(.text)
    RCC_GetFlagStatus                        0x08008e11   Thumb Code    60  stm32f4xx_rcc.o(.text)
    RCC_WaitForHSEStartUp                    0x08008e4d   Thumb Code    56  stm32f4xx_rcc.o(.text)
    RCC_AdjustHSICalibrationValue            0x08008e85   Thumb Code    20  stm32f4xx_rcc.o(.text)
    RCC_HSICmd                               0x08008e99   Thumb Code     6  stm32f4xx_rcc.o(.text)
    RCC_LSEConfig                            0x08008e9f   Thumb Code    46  stm32f4xx_rcc.o(.text)
    RCC_LSICmd                               0x08008ecd   Thumb Code     6  stm32f4xx_rcc.o(.text)
    RCC_PLLConfig                            0x08008ed3   Thumb Code    32  stm32f4xx_rcc.o(.text)
    RCC_PLLCmd                               0x08008ef3   Thumb Code     6  stm32f4xx_rcc.o(.text)
    RCC_PLLI2SConfig                         0x08008ef9   Thumb Code    14  stm32f4xx_rcc.o(.text)
    RCC_PLLI2SCmd                            0x08008f07   Thumb Code     6  stm32f4xx_rcc.o(.text)
    RCC_PLLSAIConfig                         0x08008f0d   Thumb Code    20  stm32f4xx_rcc.o(.text)
    RCC_PLLSAICmd                            0x08008f21   Thumb Code     6  stm32f4xx_rcc.o(.text)
    RCC_ClockSecuritySystemCmd               0x08008f27   Thumb Code     6  stm32f4xx_rcc.o(.text)
    RCC_MCO1Config                           0x08008f2d   Thumb Code    28  stm32f4xx_rcc.o(.text)
    RCC_MCO2Config                           0x08008f49   Thumb Code    28  stm32f4xx_rcc.o(.text)
    RCC_SYSCLKConfig                         0x08008f65   Thumb Code    20  stm32f4xx_rcc.o(.text)
    RCC_GetSYSCLKSource                      0x08008f79   Thumb Code    12  stm32f4xx_rcc.o(.text)
    RCC_HCLKConfig                           0x08008f85   Thumb Code    20  stm32f4xx_rcc.o(.text)
    RCC_PCLK1Config                          0x08008f99   Thumb Code    20  stm32f4xx_rcc.o(.text)
    RCC_PCLK2Config                          0x08008fad   Thumb Code    22  stm32f4xx_rcc.o(.text)
    RCC_GetClocksFreq                        0x08008fc3   Thumb Code   222  stm32f4xx_rcc.o(.text)
    RCC_RTCCLKConfig                         0x080090a1   Thumb Code    54  stm32f4xx_rcc.o(.text)
    RCC_RTCCLKCmd                            0x080090d7   Thumb Code     8  stm32f4xx_rcc.o(.text)
    RCC_BackupResetCmd                       0x080090df   Thumb Code     8  stm32f4xx_rcc.o(.text)
    RCC_I2SCLKConfig                         0x080090e7   Thumb Code     6  stm32f4xx_rcc.o(.text)
    RCC_SAIPLLI2SClkDivConfig                0x080090ed   Thumb Code    26  stm32f4xx_rcc.o(.text)
    RCC_SAIPLLSAIClkDivConfig                0x08009107   Thumb Code    28  stm32f4xx_rcc.o(.text)
    RCC_SAIBlockACLKConfig                   0x08009123   Thumb Code    20  stm32f4xx_rcc.o(.text)
    RCC_SAIBlockBCLKConfig                   0x08009137   Thumb Code    20  stm32f4xx_rcc.o(.text)
    RCC_LTDCCLKDivConfig                     0x0800914b   Thumb Code    20  stm32f4xx_rcc.o(.text)
    RCC_TIMCLKPresConfig                     0x0800915f   Thumb Code     6  stm32f4xx_rcc.o(.text)
    RCC_AHB1PeriphClockCmd                   0x08009165   Thumb Code    34  stm32f4xx_rcc.o(.text)
    RCC_AHB2PeriphClockCmd                   0x08009187   Thumb Code    78  stm32f4xx_rcc.o(.text)
    RCC_AHB3PeriphClockCmd                   0x080091d5   Thumb Code    34  stm32f4xx_rcc.o(.text)
    RCC_APB1PeriphClockCmd                   0x080091f7   Thumb Code    34  stm32f4xx_rcc.o(.text)
    RCC_APB2PeriphClockCmd                   0x08009219   Thumb Code    34  stm32f4xx_rcc.o(.text)
    RCC_AHB1PeriphResetCmd                   0x0800923b   Thumb Code    34  stm32f4xx_rcc.o(.text)
    RCC_AHB2PeriphResetCmd                   0x0800925d   Thumb Code    34  stm32f4xx_rcc.o(.text)
    RCC_AHB3PeriphResetCmd                   0x0800927f   Thumb Code    34  stm32f4xx_rcc.o(.text)
    RCC_APB1PeriphResetCmd                   0x080092a1   Thumb Code    34  stm32f4xx_rcc.o(.text)
    RCC_APB2PeriphResetCmd                   0x080092c3   Thumb Code    34  stm32f4xx_rcc.o(.text)
    RCC_AHB1PeriphClockLPModeCmd             0x080092e5   Thumb Code    34  stm32f4xx_rcc.o(.text)
    RCC_AHB2PeriphClockLPModeCmd             0x08009307   Thumb Code    34  stm32f4xx_rcc.o(.text)
    RCC_AHB3PeriphClockLPModeCmd             0x08009329   Thumb Code    34  stm32f4xx_rcc.o(.text)
    RCC_APB1PeriphClockLPModeCmd             0x0800934b   Thumb Code    34  stm32f4xx_rcc.o(.text)
    RCC_APB2PeriphClockLPModeCmd             0x0800936d   Thumb Code    34  stm32f4xx_rcc.o(.text)
    RCC_LSEModeConfig                        0x0800938f   Thumb Code    40  stm32f4xx_rcc.o(.text)
    RCC_ITConfig                             0x080093b7   Thumb Code    34  stm32f4xx_rcc.o(.text)
    RCC_ClearFlag                            0x080093d9   Thumb Code    18  stm32f4xx_rcc.o(.text)
    RCC_GetITStatus                          0x080093eb   Thumb Code    22  stm32f4xx_rcc.o(.text)
    RCC_ClearITPendingBit                    0x08009401   Thumb Code     8  stm32f4xx_rcc.o(.text)
    USART_DeInit                             0x0800940d   Thumb Code   206  stm32f4xx_usart.o(.text)
    USART_Init                               0x080094db   Thumb Code   204  stm32f4xx_usart.o(.text)
    USART_StructInit                         0x080095a7   Thumb Code    24  stm32f4xx_usart.o(.text)
    USART_ClockInit                          0x080095bf   Thumb Code    32  stm32f4xx_usart.o(.text)
    USART_ClockStructInit                    0x080095df   Thumb Code    12  stm32f4xx_usart.o(.text)
    USART_Cmd                                0x080095eb   Thumb Code    24  stm32f4xx_usart.o(.text)
    USART_SetPrescaler                       0x08009603   Thumb Code    16  stm32f4xx_usart.o(.text)
    USART_OverSampling8Cmd                   0x08009613   Thumb Code    22  stm32f4xx_usart.o(.text)
    USART_OneBitMethodCmd                    0x08009629   Thumb Code    24  stm32f4xx_usart.o(.text)
    USART_SendData                           0x08009641   Thumb Code     8  stm32f4xx_usart.o(.text)
    USART_ReceiveData                        0x08009649   Thumb Code    10  stm32f4xx_usart.o(.text)
    USART_SetAddress                         0x08009653   Thumb Code    18  stm32f4xx_usart.o(.text)
    USART_ReceiverWakeUpCmd                  0x08009665   Thumb Code    24  stm32f4xx_usart.o(.text)
    USART_WakeUpConfig                       0x0800967d   Thumb Code    18  stm32f4xx_usart.o(.text)
    USART_LINBreakDetectLengthConfig         0x0800968f   Thumb Code    18  stm32f4xx_usart.o(.text)
    USART_LINCmd                             0x080096a1   Thumb Code    24  stm32f4xx_usart.o(.text)
    USART_SendBreak                          0x080096b9   Thumb Code    10  stm32f4xx_usart.o(.text)
    USART_HalfDuplexCmd                      0x080096c3   Thumb Code    24  stm32f4xx_usart.o(.text)
    USART_SetGuardTime                       0x080096db   Thumb Code    16  stm32f4xx_usart.o(.text)
    USART_SmartCardCmd                       0x080096eb   Thumb Code    24  stm32f4xx_usart.o(.text)
    USART_SmartCardNACKCmd                   0x08009703   Thumb Code    24  stm32f4xx_usart.o(.text)
    USART_IrDAConfig                         0x0800971b   Thumb Code    18  stm32f4xx_usart.o(.text)
    USART_IrDACmd                            0x0800972d   Thumb Code    24  stm32f4xx_usart.o(.text)
    USART_DMACmd                             0x08009745   Thumb Code    18  stm32f4xx_usart.o(.text)
    USART_ITConfig                           0x08009757   Thumb Code    74  stm32f4xx_usart.o(.text)
    USART_GetFlagStatus                      0x080097a1   Thumb Code    26  stm32f4xx_usart.o(.text)
    USART_ClearFlag                          0x080097bb   Thumb Code    18  stm32f4xx_usart.o(.text)
    USART_GetITStatus                        0x080097cd   Thumb Code   118  stm32f4xx_usart.o(.text)
    USART_ClearITPendingBit                  0x08009843   Thumb Code    30  stm32f4xx_usart.o(.text)
    TIM_DeInit                               0x08009861   Thumb Code   346  stm32f4xx_tim.o(.text)
    TIM_TimeBaseInit                         0x080099bb   Thumb Code   104  stm32f4xx_tim.o(.text)
    TIM_TimeBaseStructInit                   0x08009a23   Thumb Code    18  stm32f4xx_tim.o(.text)
    TIM_PrescalerConfig                      0x08009a35   Thumb Code     6  stm32f4xx_tim.o(.text)
    TIM_CounterModeConfig                    0x08009a3b   Thumb Code    18  stm32f4xx_tim.o(.text)
    TIM_SetCounter                           0x08009a4d   Thumb Code     4  stm32f4xx_tim.o(.text)
    TIM_SetAutoreload                        0x08009a51   Thumb Code     4  stm32f4xx_tim.o(.text)
    TIM_GetCounter                           0x08009a55   Thumb Code     6  stm32f4xx_tim.o(.text)
    TIM_GetPrescaler                         0x08009a5b   Thumb Code     6  stm32f4xx_tim.o(.text)
    TIM_UpdateDisableConfig                  0x08009a61   Thumb Code    24  stm32f4xx_tim.o(.text)
    TIM_UpdateRequestConfig                  0x08009a79   Thumb Code    24  stm32f4xx_tim.o(.text)
    TIM_ARRPreloadConfig                     0x08009a91   Thumb Code    24  stm32f4xx_tim.o(.text)
    TIM_SelectOnePulseMode                   0x08009aa9   Thumb Code    18  stm32f4xx_tim.o(.text)
    TIM_SetClockDivision                     0x08009abb   Thumb Code    18  stm32f4xx_tim.o(.text)
    TIM_Cmd                                  0x08009acd   Thumb Code    24  stm32f4xx_tim.o(.text)
    TIM_OC1Init                              0x08009ae5   Thumb Code   114  stm32f4xx_tim.o(.text)
    TIM_OC2Init                              0x08009b57   Thumb Code   154  stm32f4xx_tim.o(.text)
    TIM_OC3Init                              0x08009bf1   Thumb Code   204  stm32f4xx_tim.o(.text)
    TIM_OC4Init                              0x08009cbd   Thumb Code   112  stm32f4xx_tim.o(.text)
    TIM_OCStructInit                         0x08009d2d   Thumb Code    20  stm32f4xx_tim.o(.text)
    TIM_SelectOCxM                           0x08009d41   Thumb Code    86  stm32f4xx_tim.o(.text)
    TIM_SetCompare1                          0x08009d97   Thumb Code     4  stm32f4xx_tim.o(.text)
    TIM_SetCompare2                          0x08009d9b   Thumb Code     4  stm32f4xx_tim.o(.text)
    TIM_SetCompare3                          0x08009d9f   Thumb Code     4  stm32f4xx_tim.o(.text)
    TIM_SetCompare4                          0x08009da3   Thumb Code     4  stm32f4xx_tim.o(.text)
    TIM_ForcedOC1Config                      0x08009da7   Thumb Code    18  stm32f4xx_tim.o(.text)
    TIM_ForcedOC2Config                      0x08009db9   Thumb Code    26  stm32f4xx_tim.o(.text)
    TIM_ForcedOC3Config                      0x08009dd3   Thumb Code    18  stm32f4xx_tim.o(.text)
    TIM_ForcedOC4Config                      0x08009de5   Thumb Code    26  stm32f4xx_tim.o(.text)
    TIM_OC1PreloadConfig                     0x08009dff   Thumb Code    18  stm32f4xx_tim.o(.text)
    TIM_OC2PreloadConfig                     0x08009e11   Thumb Code    26  stm32f4xx_tim.o(.text)
    TIM_OC3PreloadConfig                     0x08009e2b   Thumb Code    18  stm32f4xx_tim.o(.text)
    TIM_OC4PreloadConfig                     0x08009e3d   Thumb Code    26  stm32f4xx_tim.o(.text)
    TIM_OC1FastConfig                        0x08009e57   Thumb Code    18  stm32f4xx_tim.o(.text)
    TIM_OC2FastConfig                        0x08009e69   Thumb Code    26  stm32f4xx_tim.o(.text)
    TIM_OC3FastConfig                        0x08009e83   Thumb Code    18  stm32f4xx_tim.o(.text)
    TIM_OC4FastConfig                        0x08009e95   Thumb Code    26  stm32f4xx_tim.o(.text)
    TIM_ClearOC1Ref                          0x08009eaf   Thumb Code    18  stm32f4xx_tim.o(.text)
    TIM_ClearOC2Ref                          0x08009ec1   Thumb Code    24  stm32f4xx_tim.o(.text)
    TIM_ClearOC3Ref                          0x08009ed9   Thumb Code    18  stm32f4xx_tim.o(.text)
    TIM_ClearOC4Ref                          0x08009eeb   Thumb Code    24  stm32f4xx_tim.o(.text)
    TIM_OC1PolarityConfig                    0x08009f03   Thumb Code    18  stm32f4xx_tim.o(.text)
    TIM_OC1NPolarityConfig                   0x08009f15   Thumb Code    18  stm32f4xx_tim.o(.text)
    TIM_OC2PolarityConfig                    0x08009f27   Thumb Code    26  stm32f4xx_tim.o(.text)
    TIM_OC2NPolarityConfig                   0x08009f41   Thumb Code    26  stm32f4xx_tim.o(.text)
    TIM_OC3PolarityConfig                    0x08009f5b   Thumb Code    26  stm32f4xx_tim.o(.text)
    TIM_OC3NPolarityConfig                   0x08009f75   Thumb Code    26  stm32f4xx_tim.o(.text)
    TIM_OC4PolarityConfig                    0x08009f8f   Thumb Code    26  stm32f4xx_tim.o(.text)
    TIM_CCxCmd                               0x08009fa9   Thumb Code    30  stm32f4xx_tim.o(.text)
    TIM_CCxNCmd                              0x08009fc7   Thumb Code    30  stm32f4xx_tim.o(.text)
    TIM_SetIC4Prescaler                      0x08009fe5   Thumb Code    26  stm32f4xx_tim.o(.text)
    TIM_SetIC3Prescaler                      0x0800a04f   Thumb Code    18  stm32f4xx_tim.o(.text)
    TIM_SetIC2Prescaler                      0x0800a0a9   Thumb Code    26  stm32f4xx_tim.o(.text)
    TIM_SetIC1Prescaler                      0x0800a11d   Thumb Code    18  stm32f4xx_tim.o(.text)
    TIM_ICInit                               0x0800a169   Thumb Code   110  stm32f4xx_tim.o(.text)
    TIM_ICStructInit                         0x0800a1d7   Thumb Code    18  stm32f4xx_tim.o(.text)
    TIM_PWMIConfig                           0x0800a1e9   Thumb Code   124  stm32f4xx_tim.o(.text)
    TIM_GetCapture1                          0x0800a265   Thumb Code     6  stm32f4xx_tim.o(.text)
    TIM_GetCapture2                          0x0800a26b   Thumb Code     6  stm32f4xx_tim.o(.text)
    TIM_GetCapture3                          0x0800a271   Thumb Code     6  stm32f4xx_tim.o(.text)
    TIM_GetCapture4                          0x0800a277   Thumb Code     6  stm32f4xx_tim.o(.text)
    TIM_BDTRConfig                           0x0800a27d   Thumb Code    32  stm32f4xx_tim.o(.text)
    TIM_BDTRStructInit                       0x0800a29d   Thumb Code    18  stm32f4xx_tim.o(.text)
    TIM_CtrlPWMOutputs                       0x0800a2af   Thumb Code    30  stm32f4xx_tim.o(.text)
    TIM_SelectCOM                            0x0800a2cd   Thumb Code    24  stm32f4xx_tim.o(.text)
    TIM_CCPreloadControl                     0x0800a2e5   Thumb Code    24  stm32f4xx_tim.o(.text)
    TIM_ITConfig                             0x0800a2fd   Thumb Code    18  stm32f4xx_tim.o(.text)
    TIM_GenerateEvent                        0x0800a30f   Thumb Code     4  stm32f4xx_tim.o(.text)
    TIM_GetFlagStatus                        0x0800a313   Thumb Code    18  stm32f4xx_tim.o(.text)
    TIM_ClearFlag                            0x0800a325   Thumb Code     6  stm32f4xx_tim.o(.text)
    TIM_GetITStatus                          0x0800a32b   Thumb Code    34  stm32f4xx_tim.o(.text)
    TIM_ClearITPendingBit                    0x0800a34d   Thumb Code     6  stm32f4xx_tim.o(.text)
    TIM_DMAConfig                            0x0800a353   Thumb Code    10  stm32f4xx_tim.o(.text)
    TIM_DMACmd                               0x0800a35d   Thumb Code    18  stm32f4xx_tim.o(.text)
    TIM_SelectCCDMA                          0x0800a36f   Thumb Code    24  stm32f4xx_tim.o(.text)
    TIM_InternalClockConfig                  0x0800a387   Thumb Code    12  stm32f4xx_tim.o(.text)
    TIM_SelectInputTrigger                   0x0800a393   Thumb Code    18  stm32f4xx_tim.o(.text)
    TIM_ITRxExternalClockConfig              0x0800a3a5   Thumb Code    24  stm32f4xx_tim.o(.text)
    TIM_TIxExternalClockConfig               0x0800a3bd   Thumb Code    62  stm32f4xx_tim.o(.text)
    TIM_ETRConfig                            0x0800a3fb   Thumb Code    28  stm32f4xx_tim.o(.text)
    TIM_ETRClockMode1Config                  0x0800a417   Thumb Code    54  stm32f4xx_tim.o(.text)
    TIM_ETRClockMode2Config                  0x0800a44d   Thumb Code    32  stm32f4xx_tim.o(.text)
    TIM_SelectOutputTrigger                  0x0800a46d   Thumb Code    18  stm32f4xx_tim.o(.text)
    TIM_SelectSlaveMode                      0x0800a47f   Thumb Code    18  stm32f4xx_tim.o(.text)
    TIM_SelectMasterSlaveMode                0x0800a491   Thumb Code    18  stm32f4xx_tim.o(.text)
    TIM_EncoderInterfaceConfig               0x0800a4a3   Thumb Code    66  stm32f4xx_tim.o(.text)
    TIM_SelectHallSensor                     0x0800a4e5   Thumb Code    24  stm32f4xx_tim.o(.text)
    TIM_RemapConfig                          0x0800a4fd   Thumb Code     6  stm32f4xx_tim.o(.text)
    __use_no_semihosting                     0x0800a503   Thumb Code     2  use_no_semi_2.o(.text)
    __2printf                                0x0800a505   Thumb Code    20  noretval__2printf.o(.text)
    __printf                                 0x0800a51d   Thumb Code   104  __printf.o(.text)
    _printf_str                              0x0800a585   Thumb Code    82  _printf_str.o(.text)
    _printf_int_dec                          0x0800a5d9   Thumb Code   104  _printf_dec.o(.text)
    _printf_int_hex                          0x0800a651   Thumb Code    84  _printf_hex_int.o(.text)
    _printf_longlong_hex                     0x0800a651   Thumb Code     0  _printf_hex_int.o(.text)
    strcmp                                   0x0800a6a9   Thumb Code   128  strcmpv7m.o(.text)
    __use_two_region_memory                  0x0800a729   Thumb Code     2  heapauxi.o(.text)
    __rt_heap_escrow$2region                 0x0800a72b   Thumb Code     2  heapauxi.o(.text)
    __rt_heap_expand$2region                 0x0800a72d   Thumb Code     2  heapauxi.o(.text)
    __I$use$semihosting                      0x0800a72f   Thumb Code     0  use_no_semi.o(.text)
    __use_no_semihosting_swi                 0x0800a72f   Thumb Code     2  use_no_semi.o(.text)
    __read_errno                             0x0800a731   Thumb Code    10  _rserrno.o(.text)
    __set_errno                              0x0800a73b   Thumb Code    12  _rserrno.o(.text)
    _printf_int_common                       0x0800a747   Thumb Code   178  _printf_intcommon.o(.text)
    _printf_cs_common                        0x0800a7f9   Thumb Code    20  _printf_char.o(.text)
    _printf_char                             0x0800a80d   Thumb Code    16  _printf_char.o(.text)
    _printf_string                           0x0800a81d   Thumb Code     8  _printf_char.o(.text)
    _printf_char_file                        0x0800a825   Thumb Code    32  _printf_char_file.o(.text)
    __aeabi_errno_addr                       0x0800a849   Thumb Code     8  rt_errno_addr_intlibspace.o(.text)
    __errno$intlibspace                      0x0800a849   Thumb Code     0  rt_errno_addr_intlibspace.o(.text)
    __rt_errno_addr$intlibspace              0x0800a849   Thumb Code     0  rt_errno_addr_intlibspace.o(.text)
    _printf_char_common                      0x0800a85b   Thumb Code    32  _printf_char_common.o(.text)
    ferror                                   0x0800a881   Thumb Code     8  ferror.o(.text)
    __user_libspace                          0x0800a889   Thumb Code     8  libspace.o(.text)
    __user_perproc_libspace                  0x0800a889   Thumb Code     0  libspace.o(.text)
    __user_perthread_libspace                0x0800a889   Thumb Code     0  libspace.o(.text)
    __user_setup_stackheap                   0x0800a891   Thumb Code    74  sys_stackheap_outer.o(.text)
    exit                                     0x0800a8db   Thumb Code    12  exit.o(.text)
    __hardfp_sqrt                            0x0800a8e7   Thumb Code   122  sqrt.o(i.__hardfp_sqrt)
    __aeabi_dadd                             0x0800a961   Thumb Code     0  daddsub_clz.o(x$fpl$dadd)
    _dadd                                    0x0800a961   Thumb Code   332  daddsub_clz.o(x$fpl$dadd)
    __fpl_dcmp_Inf                           0x0800aab1   Thumb Code    24  dcmpi.o(x$fpl$dcmpinf)
    __aeabi_ddiv                             0x0800aac9   Thumb Code     0  ddiv.o(x$fpl$ddiv)
    _ddiv                                    0x0800aac9   Thumb Code   552  ddiv.o(x$fpl$ddiv)
    __aeabi_d2uiz                            0x0800ad79   Thumb Code     0  dfixu.o(x$fpl$dfixu)
    _dfixu                                   0x0800ad79   Thumb Code    90  dfixu.o(x$fpl$dfixu)
    __aeabi_i2d                              0x0800add3   Thumb Code     0  dflt_clz.o(x$fpl$dflt)
    _dflt                                    0x0800add3   Thumb Code    46  dflt_clz.o(x$fpl$dflt)
    __aeabi_ui2d                             0x0800ae01   Thumb Code     0  dflt_clz.o(x$fpl$dfltu)
    _dfltu                                   0x0800ae01   Thumb Code    38  dflt_clz.o(x$fpl$dfltu)
    __aeabi_cdcmple                          0x0800ae29   Thumb Code     0  dleqf.o(x$fpl$dleqf)
    _dcmple                                  0x0800ae29   Thumb Code   120  dleqf.o(x$fpl$dleqf)
    __fpl_dcmple_InfNaN                      0x0800ae8b   Thumb Code     0  dleqf.o(x$fpl$dleqf)
    __aeabi_dmul                             0x0800aea1   Thumb Code     0  dmul.o(x$fpl$dmul)
    _dmul                                    0x0800aea1   Thumb Code   332  dmul.o(x$fpl$dmul)
    __fpl_dnaninf                            0x0800aff5   Thumb Code   156  dnaninf.o(x$fpl$dnaninf)
    __fpl_dretinf                            0x0800b091   Thumb Code    12  dretinf.o(x$fpl$dretinf)
    __aeabi_cdrcmple                         0x0800b09d   Thumb Code     0  drleqf.o(x$fpl$drleqf)
    _drcmple                                 0x0800b09d   Thumb Code   108  drleqf.o(x$fpl$drleqf)
    __aeabi_drsub                            0x0800b109   Thumb Code     0  daddsub_clz.o(x$fpl$drsb)
    _drsb                                    0x0800b109   Thumb Code    22  daddsub_clz.o(x$fpl$drsb)
    _dsqrt                                   0x0800b121   Thumb Code   404  dsqrt_umaal.o(x$fpl$dsqrt)
    __aeabi_dsub                             0x0800b2b9   Thumb Code     0  daddsub_clz.o(x$fpl$dsub)
    _dsub                                    0x0800b2b9   Thumb Code   464  daddsub_clz.o(x$fpl$dsub)
    __aeabi_f2d                              0x0800b48d   Thumb Code     0  f2d.o(x$fpl$f2d)
    _f2d                                     0x0800b48d   Thumb Code    86  f2d.o(x$fpl$f2d)
    __fpl_fnaninf                            0x0800b4e3   Thumb Code   140  fnaninf.o(x$fpl$fnaninf)
    _fp_init                                 0x0800b56f   Thumb Code    10  fpinit.o(x$fpl$fpinit)
    __fplib_config_fpu_vfp                   0x0800b577   Thumb Code     0  fpinit.o(x$fpl$fpinit)
    __fplib_config_pureend_doubles           0x0800b577   Thumb Code     0  fpinit.o(x$fpl$fpinit)
    __I$use$fp                               0x0800b578   Number         0  usenofp.o(x$fpl$usenofp)
    asc2_1206                                0x0800b578   Data        1140  lcd.o(.constdata)
    asc2_1608                                0x0800b9ec   Data        1520  lcd.o(.constdata)
    asc2_2412                                0x0800bfdc   Data        3420  lcd.o(.constdata)
    GT9147_CFG_TBL                           0x0800cd38   Data         184  gt9147.o(.constdata)
    GT9147_TPX_TBL                           0x0800cdf0   Data          10  gt9147.o(.constdata)
    OTT_TPX_TBL                              0x0800cdfa   Data          10  ott2001a.o(.constdata)
    FT5206_TPX_TBL                           0x0800ce04   Data          10  ft5206.o(.constdata)
    TP_REMIND_MSG_TBL                        0x0800ce10   Data           4  touch.o(.constdata)
    FSMC_DefaultTimingStruct                 0x0800ce14   Data          28  stm32f4xx_fsmc.o(.constdata)
    Region$$Table$$Base                      0x0800ced4   Number         0  anon$$obj.o(Region$$Table)
    Region$$Table$$Limit                     0x0800cef4   Number         0  anon$$obj.o(Region$$Table)
    PIDkg                                    0x20000000   Data           1  main.o(.data)
    x                                        0x20000001   Data           1  main.o(.data)
    x1                                       0x20000002   Data           1  main.o(.data)
    aj                                       0x20000003   Data           1  main.o(.data)
    k                                        0x20000004   Data           1  main.o(.data)
    ds                                       0x20000006   Data           2  main.o(.data)
    p                                        0x20000008   Data           2  main.o(.data)
    i                                        0x2000000a   Data           2  main.o(.data)
    d                                        0x2000000c   Data           2  main.o(.data)
    point0x                                  0x2000000e   Data           2  main.o(.data)
    point0y                                  0x20000010   Data           2  main.o(.data)
    pointx                                   0x20000012   Data           2  main.o(.data)
    pointy                                   0x20000014   Data           2  main.o(.data)
    circlex                                  0x20000016   Data           2  main.o(.data)
    circley                                  0x20000018   Data           2  main.o(.data)
    circler                                  0x2000001a   Data           2  main.o(.data)
    n                                        0x2000001c   Data           6  main.o(.data)
    p0                                       0x20000022   Data           2  main.o(.data)
    i0                                       0x20000024   Data           2  main.o(.data)
    d0                                       0x20000026   Data           2  main.o(.data)
    SystemCoreClock                          0x20000028   Data           4  system_stm32f4xx.o(.data)
    AHBPrescTable                            0x2000002c   Data          16  system_stm32f4xx.o(.data)
    POINT_COLOR                              0x2000003c   Data           2  lcd.o(.data)
    BACK_COLOR                               0x2000003e   Data           2  lcd.o(.data)
    tp_dev                                   0x20000044   Data          52  touch.o(.data)
    CMD_RDX                                  0x20000078   Data           1  touch.o(.data)
    CMD_RDY                                  0x20000079   Data           1  touch.o(.data)
    __stdout                                 0x20000080   Data           4  usart.o(.data)
    USART_RX_STA                             0x20000084   Data           2  usart.o(.data)
    lcddev                                   0x20000098   Data          14  lcd.o(.bss)
    USART_RX_BUF                             0x200000a6   Data         200  usart.o(.bss)
    __libspace_start                         0x20000170   Data          96  libspace.o(.bss)
    __temporary_stack_top$libspace           0x200001d0   Data           0  libspace.o(.bss)



==============================================================================

Memory Map of the image

  Image Entry point : 0x08000189

  Load Region LR_IROM1 (Base: 0x08000000, Size: 0x0000cf8c, Max: 0x00100000, ABSOLUTE)

    Execution Region ER_IROM1 (Base: 0x08000000, Size: 0x0000cef4, Max: 0x00100000, ABSOLUTE)

    Base Addr    Size         Type   Attr      Idx    E Section Name        Object

    0x08000000   0x00000188   Data   RO          598    RESET               startup_stm32f40_41xxx.o
    0x08000188   0x00000008   Code   RO          831  * !!!main             c_w.l(__main.o)
    0x08000190   0x00000034   Code   RO         1058    !!!scatter          c_w.l(__scatter.o)
    0x080001c4   0x0000001a   Code   RO         1060    !!handler_copy      c_w.l(__scatter_copy.o)
    0x080001de   0x00000002   PAD
    0x080001e0   0x0000001c   Code   RO         1062    !!handler_zi        c_w.l(__scatter_zi.o)
    0x080001fc   0x00000000   Code   RO          826    .ARM.Collect$$_printf_percent$$00000000  c_w.l(_printf_percent.o)
    0x080001fc   0x00000006   Code   RO          825    .ARM.Collect$$_printf_percent$$00000009  c_w.l(_printf_d.o)
    0x08000202   0x00000006   Code   RO          824    .ARM.Collect$$_printf_percent$$0000000C  c_w.l(_printf_x.o)
    0x08000208   0x00000006   Code   RO          823    .ARM.Collect$$_printf_percent$$00000014  c_w.l(_printf_s.o)
    0x0800020e   0x00000004   Code   RO          884    .ARM.Collect$$_printf_percent$$00000017  c_w.l(_printf_percent_end.o)
    0x08000212   0x00000002   Code   RO          936    .ARM.Collect$$libinit$$00000000  c_w.l(libinit.o)
    0x08000214   0x00000004   Code   RO          939    .ARM.Collect$$libinit$$00000001  c_w.l(libinit2.o)
    0x08000218   0x00000000   Code   RO          942    .ARM.Collect$$libinit$$00000004  c_w.l(libinit2.o)
    0x08000218   0x00000000   Code   RO          945    .ARM.Collect$$libinit$$0000000A  c_w.l(libinit2.o)
    0x08000218   0x00000000   Code   RO          947    .ARM.Collect$$libinit$$0000000C  c_w.l(libinit2.o)
    0x08000218   0x00000000   Code   RO          949    .ARM.Collect$$libinit$$0000000E  c_w.l(libinit2.o)
    0x08000218   0x00000000   Code   RO          952    .ARM.Collect$$libinit$$00000011  c_w.l(libinit2.o)
    0x08000218   0x00000000   Code   RO          954    .ARM.Collect$$libinit$$00000013  c_w.l(libinit2.o)
    0x08000218   0x00000000   Code   RO          956    .ARM.Collect$$libinit$$00000015  c_w.l(libinit2.o)
    0x08000218   0x00000000   Code   RO          958    .ARM.Collect$$libinit$$00000017  c_w.l(libinit2.o)
    0x08000218   0x00000000   Code   RO          960    .ARM.Collect$$libinit$$00000019  c_w.l(libinit2.o)
    0x08000218   0x00000000   Code   RO          962    .ARM.Collect$$libinit$$0000001B  c_w.l(libinit2.o)
    0x08000218   0x00000000   Code   RO          964    .ARM.Collect$$libinit$$0000001D  c_w.l(libinit2.o)
    0x08000218   0x00000000   Code   RO          966    .ARM.Collect$$libinit$$0000001F  c_w.l(libinit2.o)
    0x08000218   0x00000000   Code   RO          968    .ARM.Collect$$libinit$$00000021  c_w.l(libinit2.o)
    0x08000218   0x00000000   Code   RO          970    .ARM.Collect$$libinit$$00000023  c_w.l(libinit2.o)
    0x08000218   0x00000000   Code   RO          972    .ARM.Collect$$libinit$$00000025  c_w.l(libinit2.o)
    0x08000218   0x00000000   Code   RO          976    .ARM.Collect$$libinit$$0000002C  c_w.l(libinit2.o)
    0x08000218   0x00000000   Code   RO          978    .ARM.Collect$$libinit$$0000002E  c_w.l(libinit2.o)
    0x08000218   0x00000000   Code   RO          980    .ARM.Collect$$libinit$$00000030  c_w.l(libinit2.o)
    0x08000218   0x00000000   Code   RO          982    .ARM.Collect$$libinit$$00000032  c_w.l(libinit2.o)
    0x08000218   0x00000002   Code   RO          983    .ARM.Collect$$libinit$$00000033  c_w.l(libinit2.o)
    0x0800021a   0x00000002   Code   RO         1001    .ARM.Collect$$libshutdown$$00000000  c_w.l(libshutdown.o)
    0x0800021c   0x00000000   Code   RO         1012    .ARM.Collect$$libshutdown$$00000003  c_w.l(libshutdown2.o)
    0x0800021c   0x00000000   Code   RO         1015    .ARM.Collect$$libshutdown$$00000006  c_w.l(libshutdown2.o)
    0x0800021c   0x00000000   Code   RO         1018    .ARM.Collect$$libshutdown$$00000009  c_w.l(libshutdown2.o)
    0x0800021c   0x00000000   Code   RO         1020    .ARM.Collect$$libshutdown$$0000000B  c_w.l(libshutdown2.o)
    0x0800021c   0x00000000   Code   RO         1023    .ARM.Collect$$libshutdown$$0000000E  c_w.l(libshutdown2.o)
    0x0800021c   0x00000002   Code   RO         1024    .ARM.Collect$$libshutdown$$0000000F  c_w.l(libshutdown2.o)
    0x0800021e   0x00000000   Code   RO          875    .ARM.Collect$$rtentry$$00000000  c_w.l(__rtentry.o)
    0x0800021e   0x00000000   Code   RO          897    .ARM.Collect$$rtentry$$00000002  c_w.l(__rtentry2.o)
    0x0800021e   0x00000006   Code   RO          909    .ARM.Collect$$rtentry$$00000004  c_w.l(__rtentry4.o)
    0x08000224   0x00000000   Code   RO          899    .ARM.Collect$$rtentry$$00000009  c_w.l(__rtentry2.o)
    0x08000224   0x00000004   Code   RO          900    .ARM.Collect$$rtentry$$0000000A  c_w.l(__rtentry2.o)
    0x08000228   0x00000000   Code   RO          902    .ARM.Collect$$rtentry$$0000000C  c_w.l(__rtentry2.o)
    0x08000228   0x00000008   Code   RO          903    .ARM.Collect$$rtentry$$0000000D  c_w.l(__rtentry2.o)
    0x08000230   0x00000002   Code   RO          937    .ARM.Collect$$rtexit$$00000000  c_w.l(rtexit.o)
    0x08000232   0x00000000   Code   RO          985    .ARM.Collect$$rtexit$$00000002  c_w.l(rtexit2.o)
    0x08000232   0x00000004   Code   RO          986    .ARM.Collect$$rtexit$$00000003  c_w.l(rtexit2.o)
    0x08000236   0x00000006   Code   RO          987    .ARM.Collect$$rtexit$$00000004  c_w.l(rtexit2.o)
    0x0800023c   0x00000af4   Code   RO            3    .text               main.o
    0x08000d30   0x0000001a   Code   RO          176    .text               stm32f4xx_it.o
    0x08000d4a   0x00000002   PAD
    0x08000d4c   0x00000210   Code   RO          225    .text               system_stm32f4xx.o
    0x08000f5c   0x00000040   Code   RO          251    .text               led.o
    0x08000f9c   0x00004c80   Code   RO          271    .text               lcd.o
    0x08005c1c   0x00000104   Code   RO          309    .text               key.o
    0x08005d20   0x0000025c   Code   RO          330    .text               myiic.o
    0x08005f7c   0x0000017a   Code   RO          353    .text               24cxx.o
    0x080060f6   0x00000002   PAD
    0x080060f8   0x00000254   Code   RO          376    .text               ctiic.o
    0x0800634c   0x00000448   Code   RO          399    .text               gt9147.o
    0x08006794   0x00000388   Code   RO          426    .text               ott2001a.o
    0x08006b1c   0x0000032c   Code   RO          450    .text               ft5206.o
    0x08006e48   0x0000110c   Code   RO          474    .text               touch.o
    0x08007f54   0x00000294   Code   RO          506    .text               encoder.o
    0x080081e8   0x00000104   Code   RO          527    .text               delay.o
    0x080082ec   0x00000148   Code   RO          567    .text               usart.o
    0x08008434   0x00000040   Code   RO          599    .text               startup_stm32f40_41xxx.o
    0x08008474   0x000000e0   Code   RO          605    .text               misc.o
    0x08008554   0x00000294   Code   RO          625    .text               stm32f4xx_gpio.o
    0x080087e8   0x000005c8   Code   RO          645    .text               stm32f4xx_fsmc.o
    0x08008db0   0x0000065c   Code   RO          668    .text               stm32f4xx_rcc.o
    0x0800940c   0x00000454   Code   RO          710    .text               stm32f4xx_usart.o
    0x08009860   0x00000ca2   Code   RO          750    .text               stm32f4xx_tim.o
    0x0800a502   0x00000002   Code   RO          770    .text               c_w.l(use_no_semi_2.o)
    0x0800a504   0x00000018   Code   RO          774    .text               c_w.l(noretval__2printf.o)
    0x0800a51c   0x00000068   Code   RO          776    .text               c_w.l(__printf.o)
    0x0800a584   0x00000052   Code   RO          778    .text               c_w.l(_printf_str.o)
    0x0800a5d6   0x00000002   PAD
    0x0800a5d8   0x00000078   Code   RO          780    .text               c_w.l(_printf_dec.o)
    0x0800a650   0x00000058   Code   RO          785    .text               c_w.l(_printf_hex_int.o)
    0x0800a6a8   0x00000080   Code   RO          827    .text               c_w.l(strcmpv7m.o)
    0x0800a728   0x00000006   Code   RO          829    .text               c_w.l(heapauxi.o)
    0x0800a72e   0x00000002   Code   RO          873    .text               c_w.l(use_no_semi.o)
    0x0800a730   0x00000016   Code   RO          876    .text               c_w.l(_rserrno.o)
    0x0800a746   0x000000b2   Code   RO          878    .text               c_w.l(_printf_intcommon.o)
    0x0800a7f8   0x0000002c   Code   RO          880    .text               c_w.l(_printf_char.o)
    0x0800a824   0x00000024   Code   RO          882    .text               c_w.l(_printf_char_file.o)
    0x0800a848   0x00000008   Code   RO          914    .text               c_w.l(rt_errno_addr_intlibspace.o)
    0x0800a850   0x00000030   Code   RO          916    .text               c_w.l(_printf_char_common.o)
    0x0800a880   0x00000008   Code   RO          918    .text               c_w.l(ferror.o)
    0x0800a888   0x00000008   Code   RO          922    .text               c_w.l(libspace.o)
    0x0800a890   0x0000004a   Code   RO          925    .text               c_w.l(sys_stackheap_outer.o)
    0x0800a8da   0x0000000c   Code   RO          929    .text               c_w.l(exit.o)
    0x0800a8e6   0x0000007a   Code   RO          861    i.__hardfp_sqrt     m_wm.l(sqrt.o)
    0x0800a960   0x00000150   Code   RO          833    x$fpl$dadd          fz_wm.l(daddsub_clz.o)
    0x0800aab0   0x00000018   Code   RO          885    x$fpl$dcmpinf       fz_wm.l(dcmpi.o)
    0x0800aac8   0x000002b0   Code   RO          840    x$fpl$ddiv          fz_wm.l(ddiv.o)
    0x0800ad78   0x0000005a   Code   RO          843    x$fpl$dfixu         fz_wm.l(dfixu.o)
    0x0800add2   0x0000002e   Code   RO          848    x$fpl$dflt          fz_wm.l(dflt_clz.o)
    0x0800ae00   0x00000026   Code   RO          847    x$fpl$dfltu         fz_wm.l(dflt_clz.o)
    0x0800ae26   0x00000002   PAD
    0x0800ae28   0x00000078   Code   RO          853    x$fpl$dleqf         fz_wm.l(dleqf.o)
    0x0800aea0   0x00000154   Code   RO          855    x$fpl$dmul          fz_wm.l(dmul.o)
    0x0800aff4   0x0000009c   Code   RO          887    x$fpl$dnaninf       fz_wm.l(dnaninf.o)
    0x0800b090   0x0000000c   Code   RO          889    x$fpl$dretinf       fz_wm.l(dretinf.o)
    0x0800b09c   0x0000006c   Code   RO          857    x$fpl$drleqf        fz_wm.l(drleqf.o)
    0x0800b108   0x00000016   Code   RO          834    x$fpl$drsb          fz_wm.l(daddsub_clz.o)
    0x0800b11e   0x00000002   PAD
    0x0800b120   0x00000198   Code   RO          891    x$fpl$dsqrt         fz_wm.l(dsqrt_umaal.o)
    0x0800b2b8   0x000001d4   Code   RO          835    x$fpl$dsub          fz_wm.l(daddsub_clz.o)
    0x0800b48c   0x00000056   Code   RO          859    x$fpl$f2d           fz_wm.l(f2d.o)
    0x0800b4e2   0x0000008c   Code   RO          893    x$fpl$fnaninf       fz_wm.l(fnaninf.o)
    0x0800b56e   0x0000000a   Code   RO          993    x$fpl$fpinit        fz_wm.l(fpinit.o)
    0x0800b578   0x00000000   Code   RO          895    x$fpl$usenofp       fz_wm.l(usenofp.o)
    0x0800b578   0x000017c0   Data   RO          273    .constdata          lcd.o
    0x0800cd38   0x000000c2   Data   RO          400    .constdata          gt9147.o
    0x0800cdfa   0x0000000a   Data   RO          427    .constdata          ott2001a.o
    0x0800ce04   0x0000000a   Data   RO          451    .constdata          ft5206.o
    0x0800ce0e   0x00000002   PAD
    0x0800ce10   0x00000004   Data   RO          475    .constdata          touch.o
    0x0800ce14   0x0000001c   Data   RO          646    .constdata          stm32f4xx_fsmc.o
    0x0800ce30   0x00000028   Data   RO          786    .constdata          c_w.l(_printf_hex_int.o)
    0x0800ce58   0x00000079   Data   RO          476    .conststring        touch.o
    0x0800ced1   0x00000003   PAD
    0x0800ced4   0x00000020   Data   RO         1056    Region$$Table       anon$$obj.o


    Execution Region RW_IRAM1 (Base: 0x20000000, Size: 0x000007d0, Max: 0x00020000, ABSOLUTE)

    Base Addr    Size         Type   Attr      Idx    E Section Name        Object

    0x20000000   0x00000028   Data   RW            4    .data               main.o
    0x20000028   0x00000014   Data   RW          226    .data               system_stm32f4xx.o
    0x2000003c   0x00000004   Data   RW          274    .data               lcd.o
    0x20000040   0x00000001   Data   RW          310    .data               key.o
    0x20000041   0x00000001   Data   RW          401    .data               gt9147.o
    0x20000042   0x00000001   Data   RW          428    .data               ott2001a.o
    0x20000043   0x00000001   Data   RW          452    .data               ft5206.o
    0x20000044   0x00000036   Data   RW          477    .data               touch.o
    0x2000007a   0x00000004   Data   RW          528    .data               delay.o
    0x2000007e   0x00000002   PAD
    0x20000080   0x00000006   Data   RW          569    .data               usart.o
    0x20000086   0x00000010   Data   RW          669    .data               stm32f4xx_rcc.o
    0x20000096   0x00000002   PAD
    0x20000098   0x0000000e   Zero   RW          272    .bss                lcd.o
    0x200000a6   0x000000c8   Zero   RW          568    .bss                usart.o
    0x2000016e   0x00000002   PAD
    0x20000170   0x00000060   Zero   RW          923    .bss                c_w.l(libspace.o)
    0x200001d0   0x00000200   Zero   RW          597    HEAP                startup_stm32f40_41xxx.o
    0x200003d0   0x00000400   Zero   RW          596    STACK               startup_stm32f40_41xxx.o


==============================================================================

Image component sizes


      Code (inc. data)   RO Data    RW Data    ZI Data      Debug   Object Name

       378          0          0          0          0       2666   24cxx.o
       596         24          0          0          0       2065   ctiic.o
       260          8          0          4          0       1441   delay.o
       660         34          0          0          0       1940   encoder.o
       812         40         10          1          0       2479   ft5206.o
      1096         78        194          1          0       3022   gt9147.o
       260         12          0          1          0        868   key.o
     19584        174       6080          4         14      22282   lcd.o
        64          4          0          0          0        527   led.o
      2804        292          0         40          0     292470   main.o
       224         20          0          0          0       1821   misc.o
       604         14          0          0          0       1900   myiic.o
       904         66         10          1          0       2679   ott2001a.o
        64         26        392          0       1536        832   startup_stm32f40_41xxx.o
      1480         18         28          0          0       5622   stm32f4xx_fsmc.o
       660         44          0          0          0       4097   stm32f4xx_gpio.o
        26          0          0          0          0       1226   stm32f4xx_it.o
      1628         52          0         16          0      12888   stm32f4xx_rcc.o
      3234         60          0          0          0      22304   stm32f4xx_tim.o
      1108         34          0          0          0       7800   stm32f4xx_usart.o
       528         46          0         20          0       1783   system_stm32f4xx.o
      4364        228        125         54          0       7088   touch.o
       328         16          0          6        200       3298   usart.o

    ----------------------------------------------------------------------
     41670       1290       6876        152       1752     403098   Object Totals
         0          0         32          0          0          0   (incl. Generated)
         4          0          5          4          2          0   (incl. Padding)

    ----------------------------------------------------------------------

      Code (inc. data)   RO Data    RW Data    ZI Data      Debug   Library Member Name

         8          0          0          0          0         68   __main.o
       104          0          0          0          0         84   __printf.o
         0          0          0          0          0          0   __rtentry.o
        12          0          0          0          0          0   __rtentry2.o
         6          0          0          0          0          0   __rtentry4.o
        52          8          0          0          0          0   __scatter.o
        26          0          0          0          0          0   __scatter_copy.o
        28          0          0          0          0          0   __scatter_zi.o
        44          0          0          0          0        108   _printf_char.o
        48          6          0          0          0         96   _printf_char_common.o
        36          4          0          0          0         80   _printf_char_file.o
         6          0          0          0          0          0   _printf_d.o
       120         16          0          0          0         92   _printf_dec.o
        88          4         40          0          0         88   _printf_hex_int.o
       178          0          0          0          0         88   _printf_intcommon.o
         0          0          0          0          0          0   _printf_percent.o
         4          0          0          0          0          0   _printf_percent_end.o
         6          0          0          0          0          0   _printf_s.o
        82          0          0          0          0         80   _printf_str.o
         6          0          0          0          0          0   _printf_x.o
        22          0          0          0          0        100   _rserrno.o
        12          0          0          0          0         72   exit.o
         8          0          0          0          0         68   ferror.o
         6          0          0          0          0        152   heapauxi.o
         2          0          0          0          0          0   libinit.o
         6          0          0          0          0          0   libinit2.o
         2          0          0          0          0          0   libshutdown.o
         2          0          0          0          0          0   libshutdown2.o
         8          4          0          0         96         68   libspace.o
        24          4          0          0          0         84   noretval__2printf.o
         8          4          0          0          0         68   rt_errno_addr_intlibspace.o
         2          0          0          0          0          0   rtexit.o
        10          0          0          0          0          0   rtexit2.o
       128          0          0          0          0         68   strcmpv7m.o
        74          0          0          0          0         80   sys_stackheap_outer.o
         2          0          0          0          0         68   use_no_semi.o
         2          0          0          0          0         68   use_no_semi_2.o
       826         16          0          0          0        492   daddsub_clz.o
        24          0          0          0          0        116   dcmpi.o
       688        140          0          0          0        256   ddiv.o
        90          4          0          0          0        140   dfixu.o
        84          0          0          0          0        232   dflt_clz.o
       120          4          0          0          0        140   dleqf.o
       340         12          0          0          0        152   dmul.o
       156          4          0          0          0        140   dnaninf.o
        12          0          0          0          0        116   dretinf.o
       108          0          0          0          0        128   drleqf.o
       408         56          0          0          0        168   dsqrt_umaal.o
        86          4          0          0          0        132   f2d.o
       140          4          0          0          0        132   fnaninf.o
        10          0          0          0          0        116   fpinit.o
         0          0          0          0          0          0   usenofp.o
       122          0          0          0          0        148   sqrt.o

    ----------------------------------------------------------------------
      4394        294         40          0         96       4288   Library Totals
         8          0          0          0          0          0   (incl. Padding)

    ----------------------------------------------------------------------

      Code (inc. data)   RO Data    RW Data    ZI Data      Debug   Library Name

      1172         50         40          0         96       1680   c_w.l
      3092        244          0          0          0       2460   fz_wm.l
       122          0          0          0          0        148   m_wm.l

    ----------------------------------------------------------------------
      4394        294         40          0         96       4288   Library Totals

    ----------------------------------------------------------------------

==============================================================================


      Code (inc. data)   RO Data    RW Data    ZI Data      Debug   

     46064       1584       6916        152       1848     400854   Grand Totals
     46064       1584       6916        152       1848     400854   ELF Image Totals
     46064       1584       6916        152          0          0   ROM Totals

==============================================================================

    Total RO  Size (Code + RO Data)                52980 (  51.74kB)
    Total RW  Size (RW Data + ZI Data)              2000 (   1.95kB)
    Total ROM Size (Code + RO Data + RW Data)      53132 (  51.89kB)

==============================================================================

